******************************************************************************
                  MSP430 Linker PC v4.4.5                      
******************************************************************************
>> Linked Fri Oct 21 21:28:36 2016

OUTPUT FILE NAME:   <MBUS_Slave_MSP.out>
ENTRY POINT SYMBOL: "_c_int00_noargs_noexit"  address: 0000ca32


MEMORY CONFIGURATION

         name            origin    length      used     unused   attr    fill
----------------------  --------  ---------  --------  --------  ----  --------
  SFR                   00000000   00000010  00000000  00000010  RWIX
  PERIPHERALS_8BIT      00000010   000000f0  00000000  000000f0  RWIX
  PERIPHERALS_16BIT     00000100   00000100  00000000  00000100  RWIX
  RAM                   00000200   00000200  0000010a  000000f6  RWIX
  INFOD                 00001000   00000040  00000000  00000040  RWIX
  INFOC                 00001040   00000040  00000000  00000040  RWIX
  INFOB                 00001080   00000040  00000000  00000040  RWIX
  INFOA                 000010c0   00000040  00000000  00000040  RWIX
  FLASH                 0000c000   00003fe0  00000e02  000031de  RWIX
  INT00                 0000ffe0   00000002  00000000  00000002  RWIX
  INT01                 0000ffe2   00000002  00000000  00000002  RWIX
  INT02                 0000ffe4   00000002  00000002  00000000  RWIX
  INT03                 0000ffe6   00000002  00000002  00000000  RWIX
  INT04                 0000ffe8   00000002  00000000  00000002  RWIX
  INT05                 0000ffea   00000002  00000002  00000000  RWIX
  INT06                 0000ffec   00000002  00000002  00000000  RWIX
  INT07                 0000ffee   00000002  00000002  00000000  RWIX
  INT08                 0000fff0   00000002  00000002  00000000  RWIX
  INT09                 0000fff2   00000002  00000002  00000000  RWIX
  INT10                 0000fff4   00000002  00000002  00000000  RWIX
  INT11                 0000fff6   00000002  00000002  00000000  RWIX
  INT12                 0000fff8   00000002  00000002  00000000  RWIX
  INT13                 0000fffa   00000002  00000002  00000000  RWIX
  INT14                 0000fffc   00000002  00000002  00000000  RWIX
  RESET                 0000fffe   00000002  00000002  00000000  RWIX


SECTION ALLOCATION MAP

 output                                  attributes/
section   page    origin      length       input sections
--------  ----  ----------  ----------   ----------------
.bss       0    00000200    000000a0     UNINITIALIZED
                  00000200    00000040     (.common:ucRTUBuf)
                  00000240    00000014     (.common:HoldingReg)
                  00000254    00000014     (.common:buffer)
                  00000268    00000010     (.common:ucMBSlaveID)
                  00000278    00000002     (.common:eMBCurrentMode)
                  0000027a    00000002     (.common:eQueuedEvent)
                  0000027c    00000002     (.common:eRcvState)
                  0000027e    00000002     (.common:eSndState)
                  00000280    00000002     (.common:peMBFrameReceiveCur)
                  00000282    00000002     (.common:peMBFrameSendCur)
                  00000284    00000002     (.common:pucSndBufferCur)
                  00000286    00000002     (.common:pvMBFrameCloseCur)
                  00000288    00000002     (.common:pvMBFrameStartCur)
                  0000028a    00000002     (.common:pvMBFrameStopCur)
                  0000028c    00000002     (.common:pxMBFrameCBByteReceived)
                  0000028e    00000002     (.common:pxMBFrameCBTransmitterEmpty)
                  00000290    00000002     (.common:pxMBPortCBTimerExpired)
                  00000292    00000002     (.common:ucMBFrame$1)
                  00000294    00000002     (.common:usLength$4)
                  00000296    00000002     (.common:usMBSlaveIDLen)
                  00000298    00000002     (.common:usRcvBufferPos)
                  0000029a    00000002     (.common:usSndBufferCount)
                  0000029c    00000001     (.common:ucFunctionCode$3)
                  0000029d    00000001     (.common:ucMBAddress)
                  0000029e    00000001     (.common:ucRcvAddress$2)
                  0000029f    00000001     (.common:xEventInQueue)

.data      0    000002a0    0000001a     UNINITIALIZED
                  000002a0    00000010     mb.obj (.data:xFuncHandlers)
                  000002b0    00000006     main.obj (.data)
                  000002b6    00000002     mb.obj (.data)
                  000002b8    00000002     portserial.obj (.data)

.stack     0    000003b0    00000050     UNINITIALIZED
                  000003b0    00000002     rts430_eabi.lib : boot.obj (.stack)
                  000003b2    0000004e     --HOLE--

.text      0    0000c000    00000bb6     
                  0000c000    000001b6     main.obj (.text:main)
                  0000c1b6    000000ca     mb.obj (.text:eMBPoll)
                  0000c280    00000088     mb.obj (.text:eMBInit)
                  0000c308    0000007a     main.obj (.text:eMBRegHoldingCB)
                  0000c382    00000076     mbrtu.obj (.text:eMBRTUSend)
                  0000c3f8    0000006e     mbfuncholding.obj (.text:eMBFuncReadHoldingRegister)
                  0000c466    0000006e     portserial.obj (.text:xMBPortSerialInit)
                  0000c4d4    0000006c     mbrtu.obj (.text:eMBRTUInit)
                  0000c540    0000006c     util.obj (.text:statusEvent)
                  0000c5ac    00000066     mbfuncholding.obj (.text:eMBFuncWriteMultipleHoldingRegister)
                  0000c612    00000064     rts430_eabi.lib : copy_decompress_rle.obj (.text:__TI_decompress_rle_core)
                  0000c676    00000062     mbrtu.obj (.text:xMBRTUReceiveFSM)
                  0000c6d8    0000005c     mbrtu.obj (.text:eMBRTUReceive)
                  0000c734    00000058     rts430_eabi.lib : autoinit.obj (.text:_auto_init)
                  0000c78c    00000058                     : div32u.obj (.text)
                  0000c7e4    00000050     mbrtu.obj (.text:xMBRTUTransmitFSM)
                  0000c834    00000046     porttimer.obj (.text:xMBPortTimersInit)
                  0000c87a    00000038     mbfuncholding.obj (.text:eMBFuncWriteHoldingRegister)
                  0000c8b2    00000034     config_hw.obj (.text:config_clk)
                  0000c8e6    00000030     portserial.obj (.text:vMBPortSerialEnable)
                  0000c916    0000002c     mbcrc.obj (.text:usMBCRC16)
                  0000c942    0000002c     mbrtu.obj (.text:xMBRTUTimerT35Expired)
                  0000c96e    00000026     mbfuncother.obj (.text:eMBFuncReportSlaveID)
                  0000c994    00000026     rts430_eabi.lib : mult32.obj (.text)
                  0000c9ba    00000024     config_hw.obj (.text:config_io)
                  0000c9de    00000020     mbutils.obj (.text:prveMBError2Exception)
                  0000c9fe    0000001a     portserial.obj (.text:USCI0RX_ISR_HOOK)
                  0000ca18    0000001a     portserial.obj (.text:USCI0TX_ISR_HOOK)
                  0000ca32    0000001a     rts430_eabi.lib : boot_special.obj (.text:_c_int00_noargs_noexit)
                  0000ca4c    0000001a     porttimer.obj (.text:prvvMBTimerIRQHandler)
                  0000ca66    00000018     mb.obj (.text:eMBEnable)
                  0000ca7e    00000018     mbrtu.obj (.text:eMBRTUStart)
                  0000ca96    00000018     portevent.obj (.text:xMBPortEventGet)
                  0000caae    00000014     rts430_eabi.lib : copy_zero_init.obj (.text:decompress:ZI:__TI_zero_init)
                  0000cac2    00000014     mbrtu.obj (.text:eMBRTUStop)
                  0000cad6    00000014     rts430_eabi.lib : memset.obj (.text:memset)
                  0000caea    00000014                     : mult16.obj (.text)
                  0000cafe    00000014     portserial.obj (.text:xMBPortSerialGetByte)
                  0000cb12    00000012     rts430_eabi.lib : copy_decompress_none.obj (.text:decompress:none:__TI_decompress_none)
                  0000cb24    00000012                     : memcpy.obj (.text:memcpy)
                  0000cb36    00000012     porttimer.obj (.text:vMBPortTimersEnable)
                  0000cb48    00000010     portserial.obj (.text:EnterCriticalSection)
                  0000cb58    00000010     rts430_eabi.lib : epilog.obj (.text)
                  0000cb68    0000000e     porttimer.obj (.text:vMBPortTimersDisable)
                  0000cb76    0000000e     portserial.obj (.text:xMBPortSerialPutByte)
                  0000cb84    0000000c     portevent.obj (.text:xMBPortEventPost)
                  0000cb90    0000000a     portserial.obj (.text:ExitCriticalSection)
                  0000cb9a    00000008     portevent.obj (.text:xMBPortEventInit)
                  0000cba2    00000006     rts430_eabi.lib : isr_trap.obj (.text:_isr:__TI_ISR_TRAP)
                  0000cba8    00000006                     : copy_decompress_rle.obj (.text:decompress:rle24:__TI_decompress_rle24)
                  0000cbae    00000004                     : pre_init.obj (.text:_system_pre_init)
                  0000cbb2    00000004                     : exit.obj (.text:abort)

.const     0    0000cbb6    0000021c     
                  0000cbb6    00000100     mbcrc.obj (.const:.string:aucCRCHi)
                  0000ccb6    00000100     mbcrc.obj (.const:.string:aucCRCLo)
                  0000cdb6    00000008     main.obj (.const:event)
                  0000cdbe    00000008     main.obj (.const:in_state)
                  0000cdc6    00000008     main.obj (.const:rnext)
                  0000cdce    00000004     main.obj (.const:rfirst)

.cinit     0    0000cdd2    00000030     
                  0000cdd2    0000001d     (.cinit..data.load) [load image, compression = rle]
                  0000cdef    00000001     --HOLE-- [fill = 0]
                  0000cdf0    00000006     (__TI_handler_table)
                  0000cdf6    00000004     (.cinit..bss.load) [load image, compression = zero_init]
                  0000cdfa    00000008     (__TI_cinit_table)

.init_array 
*          0    0000c000    00000000     UNINITIALIZED

.TI.noinit 
*          0    00000200    00000000     UNINITIALIZED

.TI.persistent 
*          0    000002a0    00000000     UNINITIALIZED

PORT1      0    0000ffe4    00000002     
                  0000ffe4    00000002     rts430_eabi.lib : int02.obj (.int02)

PORT2      0    0000ffe6    00000002     
                  0000ffe6    00000002     rts430_eabi.lib : int03.obj (.int03)

ADC10      0    0000ffea    00000002     
                  0000ffea    00000002     rts430_eabi.lib : int05.obj (.int05)

USCIAB0TX 
*          0    0000ffec    00000002     
                  0000ffec    00000002     portserial.obj (.int06)

USCIAB0RX 
*          0    0000ffee    00000002     
                  0000ffee    00000002     portserial.obj (.int07)

TIMER0_A1 
*          0    0000fff0    00000002     
                  0000fff0    00000002     rts430_eabi.lib : int08.obj (.int08)

TIMER0_A0 
*          0    0000fff2    00000002     
                  0000fff2    00000002     porttimer.obj (.int09)

WDT        0    0000fff4    00000002     
                  0000fff4    00000002     rts430_eabi.lib : int10.obj (.int10)

COMPARATORA 
*          0    0000fff6    00000002     
                  0000fff6    00000002     rts430_eabi.lib : int11.obj (.int11)

TIMER1_A1 
*          0    0000fff8    00000002     
                  0000fff8    00000002     rts430_eabi.lib : int12.obj (.int12)

TIMER1_A0 
*          0    0000fffa    00000002     
                  0000fffa    00000002     rts430_eabi.lib : int13.obj (.int13)

NMI        0    0000fffc    00000002     
                  0000fffc    00000002     rts430_eabi.lib : int14.obj (.int14)

.reset     0    0000fffe    00000002     
                  0000fffe    00000002     rts430_eabi.lib : boot.obj (.reset)


LINKER GENERATED COPY TABLES

__TI_cinit_table @ 0000cdfa records: 2, size/record: 4, table size: 8
	.data: load addr=0000cdd2, load size=0000001d bytes, run addr=000002a0, run size=0000001a bytes, compression=rle
	.bss: load addr=0000cdf6, load size=00000004 bytes, run addr=00000200, run size=000000a0 bytes, compression=zero_init


LINKER GENERATED HANDLER TABLE

__TI_handler_table @ 0000cdf0 records: 3, size/record: 2, table size: 6
	index: 0, handler: __TI_zero_init
	index: 1, handler: __TI_decompress_rle24
	index: 2, handler: __TI_decompress_none


GLOBAL SYMBOLS: SORTED ALPHABETICALLY BY Name 

address   name                               
-------   ----                               
0000004a  ADC10AE0                           
000001b0  ADC10CTL0                          
000001b2  ADC10CTL1                          
00000048  ADC10DTC0                          
00000049  ADC10DTC1                          
000001b4  ADC10MEM                           
000001bc  ADC10SA                            
00000057  BCSCTL1                            
00000058  BCSCTL2                            
00000053  BCSCTL3                            
0000cbb2  C$$EXIT                            
00000059  CACTL1                             
0000005a  CACTL2                             
000010fb  CALBC1_12MHZ                       
000010f9  CALBC1_16MHZ                       
000010ff  CALBC1_1MHZ                        
000010fd  CALBC1_8MHZ                        
000010fa  CALDCO_12MHZ                       
000010f8  CALDCO_16MHZ                       
000010fe  CALDCO_1MHZ                        
000010fc  CALDCO_8MHZ                        
0000005b  CAPD                               
00000056  DCOCTL                             
0000cb48  EnterCriticalSection               
0000cb90  ExitCriticalSection                
00000128  FCTL1                              
0000012a  FCTL2                              
0000012c  FCTL3                              
00000000  IE1                                
00000001  IE2                                
00000002  IFG1                               
00000003  IFG2                               
00000022  P1DIR                              
00000025  P1IE                               
00000024  P1IES                              
00000023  P1IFG                              
00000020  P1IN                               
00000021  P1OUT                              
00000027  P1REN                              
00000026  P1SEL                              
00000041  P1SEL2                             
0000002a  P2DIR                              
0000002d  P2IE                               
0000002c  P2IES                              
0000002b  P2IFG                              
00000028  P2IN                               
00000029  P2OUT                              
0000002f  P2REN                              
0000002e  P2SEL                              
00000042  P2SEL2                             
0000001a  P3DIR                              
00000018  P3IN                               
00000019  P3OUT                              
00000010  P3REN                              
0000001b  P3SEL                              
00000043  P3SEL2                             
00000172  TA0CCR0                            
00000174  TA0CCR1                            
00000176  TA0CCR2                            
00000162  TA0CCTL0                           
00000164  TA0CCTL1                           
00000166  TA0CCTL2                           
00000160  TA0CTL                             
0000012e  TA0IV                              
00000170  TA0R                               
00000192  TA1CCR0                            
00000194  TA1CCR1                            
00000196  TA1CCR2                            
00000182  TA1CCTL0                           
00000184  TA1CCTL1                           
00000186  TA1CCTL2                           
00000180  TA1CTL                             
0000011e  TA1IV                              
00000190  TA1R                               
000010db  TLV_ADC10_1_LEN                    
000010da  TLV_ADC10_1_TAG                    
000010c0  TLV_CHECKSUM                       
000010f7  TLV_DCO_30_LEN                     
000010f6  TLV_DCO_30_TAG                     
0000005d  UCA0ABCTL                          
00000062  UCA0BR0                            
00000063  UCA0BR1                            
00000060  UCA0CTL0                           
00000061  UCA0CTL1                           
0000005f  UCA0IRRCTL                         
0000005e  UCA0IRTCTL                         
00000064  UCA0MCTL                           
00000066  UCA0RXBUF                          
00000065  UCA0STAT                           
00000067  UCA0TXBUF                          
0000006a  UCB0BR0                            
0000006b  UCB0BR1                            
00000068  UCB0CTL0                           
00000069  UCB0CTL1                           
0000006c  UCB0I2CIE                          
00000118  UCB0I2COA                          
0000011a  UCB0I2CSA                          
0000006e  UCB0RXBUF                          
0000006d  UCB0STAT                           
0000006f  UCB0TXBUF                          
0000c9fe  USCI0RX_ISR_HOOK                   
0000ca18  USCI0TX_ISR_HOOK                   
00000120  WDTCTL                             
00000400  __STACK_END                        
00000050  __STACK_SIZE                       
0000cdfa  __TI_CINIT_Base                    
0000ce02  __TI_CINIT_Limit                   
0000cdf0  __TI_Handler_Table_Base            
0000cdf6  __TI_Handler_Table_Limit           
UNDEFED   __TI_INITARRAY_Base                
UNDEFED   __TI_INITARRAY_Limit               
0000cba2  __TI_ISR_TRAP                      
0000cb12  __TI_decompress_none               
0000cba8  __TI_decompress_rle24              
0000ffe4  __TI_int02                         
0000ffe6  __TI_int03                         
0000ffea  __TI_int05                         
0000ffec  __TI_int06                         
0000ffee  __TI_int07                         
0000fff0  __TI_int08                         
0000fff2  __TI_int09                         
0000fff4  __TI_int10                         
0000fff6  __TI_int11                         
0000fff8  __TI_int12                         
0000fffa  __TI_int13                         
0000fffc  __TI_int14                         
0000caae  __TI_zero_init                     
ffffffff  __binit__                          
ffffffff  __c_args__                         
0000c78c  __mspabi_divul                     
0000cb64  __mspabi_func_epilog_1             
0000cb62  __mspabi_func_epilog_2             
0000cb60  __mspabi_func_epilog_3             
0000cb5e  __mspabi_func_epilog_4             
0000cb5c  __mspabi_func_epilog_5             
0000cb5a  __mspabi_func_epilog_6             
0000cb58  __mspabi_func_epilog_7             
0000caea  __mspabi_mpyi                      
0000caea  __mspabi_mpyi_sw                   
0000c994  __mspabi_mpyl                      
0000c994  __mspabi_mpyl_sw                   
0000c78c  __mspabi_remul                     
0000c734  _auto_init                         
0000ca32  _c_int00_noargs_noexit             
0000fffe  _reset_vector                      
000003b0  _stack                             
0000cbae  _system_pre_init                   
0000cbb2  abort                              
ffffffff  binit                              
00000254  buffer                             
0000c8b2  config_clk                         
0000c9ba  config_io                          
0000ca66  eMBEnable                          
0000c3f8  eMBFuncReadHoldingRegister         
0000c96e  eMBFuncReportSlaveID               
0000c87a  eMBFuncWriteHoldingRegister        
0000c5ac  eMBFuncWriteMultipleHoldingRegister
0000c280  eMBInit                            
0000c1b6  eMBPoll                            
0000c4d4  eMBRTUInit                         
0000c6d8  eMBRTUReceive                      
0000c382  eMBRTUSend                         
0000ca7e  eMBRTUStart                        
0000cac2  eMBRTUStop                         
0000c308  eMBRegHoldingCB                    
0000cdb6  event                              
0000cdbe  in_state                           
0000c000  main                               
0000cb24  memcpy                             
0000cad6  memset                             
000002b2  n_buffer                           
000002b4  occur_event                        
0000c9de  prveMBError2Exception              
0000ca4c  prvvMBTimerIRQHandler              
0000028c  pxMBFrameCBByteReceived            
0000028e  pxMBFrameCBTransmitterEmpty        
00000290  pxMBPortCBTimerExpired             
0000cdce  rfirst                             
0000cdc6  rnext                              
0000c540  statusEvent                        
000002b9  ucCriticalNesting                  
000002b8  ucGIEWasEnabled                    
00000200  ucRTUBuf                           
0000c916  usMBCRC16                          
0000c8e6  vMBPortSerialEnable                
0000cb68  vMBPortTimersDisable               
0000cb36  vMBPortTimersEnable                
0000ca96  xMBPortEventGet                    
0000cb9a  xMBPortEventInit                   
0000cb84  xMBPortEventPost                   
0000cafe  xMBPortSerialGetByte               
0000c466  xMBPortSerialInit                  
0000cb76  xMBPortSerialPutByte               
0000c834  xMBPortTimersInit                  
0000c676  xMBRTUReceiveFSM                   
0000c942  xMBRTUTimerT35Expired              
0000c7e4  xMBRTUTransmitFSM                  


GLOBAL SYMBOLS: SORTED BY Symbol Address 

address   name                               
-------   ----                               
00000000  IE1                                
00000001  IE2                                
00000002  IFG1                               
00000003  IFG2                               
00000010  P3REN                              
00000018  P3IN                               
00000019  P3OUT                              
0000001a  P3DIR                              
0000001b  P3SEL                              
00000020  P1IN                               
00000021  P1OUT                              
00000022  P1DIR                              
00000023  P1IFG                              
00000024  P1IES                              
00000025  P1IE                               
00000026  P1SEL                              
00000027  P1REN                              
00000028  P2IN                               
00000029  P2OUT                              
0000002a  P2DIR                              
0000002b  P2IFG                              
0000002c  P2IES                              
0000002d  P2IE                               
0000002e  P2SEL                              
0000002f  P2REN                              
00000041  P1SEL2                             
00000042  P2SEL2                             
00000043  P3SEL2                             
00000048  ADC10DTC0                          
00000049  ADC10DTC1                          
0000004a  ADC10AE0                           
00000050  __STACK_SIZE                       
00000053  BCSCTL3                            
00000056  DCOCTL                             
00000057  BCSCTL1                            
00000058  BCSCTL2                            
00000059  CACTL1                             
0000005a  CACTL2                             
0000005b  CAPD                               
0000005d  UCA0ABCTL                          
0000005e  UCA0IRTCTL                         
0000005f  UCA0IRRCTL                         
00000060  UCA0CTL0                           
00000061  UCA0CTL1                           
00000062  UCA0BR0                            
00000063  UCA0BR1                            
00000064  UCA0MCTL                           
00000065  UCA0STAT                           
00000066  UCA0RXBUF                          
00000067  UCA0TXBUF                          
00000068  UCB0CTL0                           
00000069  UCB0CTL1                           
0000006a  UCB0BR0                            
0000006b  UCB0BR1                            
0000006c  UCB0I2CIE                          
0000006d  UCB0STAT                           
0000006e  UCB0RXBUF                          
0000006f  UCB0TXBUF                          
00000118  UCB0I2COA                          
0000011a  UCB0I2CSA                          
0000011e  TA1IV                              
00000120  WDTCTL                             
00000128  FCTL1                              
0000012a  FCTL2                              
0000012c  FCTL3                              
0000012e  TA0IV                              
00000160  TA0CTL                             
00000162  TA0CCTL0                           
00000164  TA0CCTL1                           
00000166  TA0CCTL2                           
00000170  TA0R                               
00000172  TA0CCR0                            
00000174  TA0CCR1                            
00000176  TA0CCR2                            
00000180  TA1CTL                             
00000182  TA1CCTL0                           
00000184  TA1CCTL1                           
00000186  TA1CCTL2                           
00000190  TA1R                               
00000192  TA1CCR0                            
00000194  TA1CCR1                            
00000196  TA1CCR2                            
000001b0  ADC10CTL0                          
000001b2  ADC10CTL1                          
000001b4  ADC10MEM                           
000001bc  ADC10SA                            
00000200  ucRTUBuf                           
00000254  buffer                             
0000028c  pxMBFrameCBByteReceived            
0000028e  pxMBFrameCBTransmitterEmpty        
00000290  pxMBPortCBTimerExpired             
000002b2  n_buffer                           
000002b4  occur_event                        
000002b8  ucGIEWasEnabled                    
000002b9  ucCriticalNesting                  
000003b0  _stack                             
00000400  __STACK_END                        
000010c0  TLV_CHECKSUM                       
000010da  TLV_ADC10_1_TAG                    
000010db  TLV_ADC10_1_LEN                    
000010f6  TLV_DCO_30_TAG                     
000010f7  TLV_DCO_30_LEN                     
000010f8  CALDCO_16MHZ                       
000010f9  CALBC1_16MHZ                       
000010fa  CALDCO_12MHZ                       
000010fb  CALBC1_12MHZ                       
000010fc  CALDCO_8MHZ                        
000010fd  CALBC1_8MHZ                        
000010fe  CALDCO_1MHZ                        
000010ff  CALBC1_1MHZ                        
0000c000  main                               
0000c1b6  eMBPoll                            
0000c280  eMBInit                            
0000c308  eMBRegHoldingCB                    
0000c382  eMBRTUSend                         
0000c3f8  eMBFuncReadHoldingRegister         
0000c466  xMBPortSerialInit                  
0000c4d4  eMBRTUInit                         
0000c540  statusEvent                        
0000c5ac  eMBFuncWriteMultipleHoldingRegister
0000c676  xMBRTUReceiveFSM                   
0000c6d8  eMBRTUReceive                      
0000c734  _auto_init                         
0000c78c  __mspabi_divul                     
0000c78c  __mspabi_remul                     
0000c7e4  xMBRTUTransmitFSM                  
0000c834  xMBPortTimersInit                  
0000c87a  eMBFuncWriteHoldingRegister        
0000c8b2  config_clk                         
0000c8e6  vMBPortSerialEnable                
0000c916  usMBCRC16                          
0000c942  xMBRTUTimerT35Expired              
0000c96e  eMBFuncReportSlaveID               
0000c994  __mspabi_mpyl                      
0000c994  __mspabi_mpyl_sw                   
0000c9ba  config_io                          
0000c9de  prveMBError2Exception              
0000c9fe  USCI0RX_ISR_HOOK                   
0000ca18  USCI0TX_ISR_HOOK                   
0000ca32  _c_int00_noargs_noexit             
0000ca4c  prvvMBTimerIRQHandler              
0000ca66  eMBEnable                          
0000ca7e  eMBRTUStart                        
0000ca96  xMBPortEventGet                    
0000caae  __TI_zero_init                     
0000cac2  eMBRTUStop                         
0000cad6  memset                             
0000caea  __mspabi_mpyi                      
0000caea  __mspabi_mpyi_sw                   
0000cafe  xMBPortSerialGetByte               
0000cb12  __TI_decompress_none               
0000cb24  memcpy                             
0000cb36  vMBPortTimersEnable                
0000cb48  EnterCriticalSection               
0000cb58  __mspabi_func_epilog_7             
0000cb5a  __mspabi_func_epilog_6             
0000cb5c  __mspabi_func_epilog_5             
0000cb5e  __mspabi_func_epilog_4             
0000cb60  __mspabi_func_epilog_3             
0000cb62  __mspabi_func_epilog_2             
0000cb64  __mspabi_func_epilog_1             
0000cb68  vMBPortTimersDisable               
0000cb76  xMBPortSerialPutByte               
0000cb84  xMBPortEventPost                   
0000cb90  ExitCriticalSection                
0000cb9a  xMBPortEventInit                   
0000cba2  __TI_ISR_TRAP                      
0000cba8  __TI_decompress_rle24              
0000cbae  _system_pre_init                   
0000cbb2  C$$EXIT                            
0000cbb2  abort                              
0000cdb6  event                              
0000cdbe  in_state                           
0000cdc6  rnext                              
0000cdce  rfirst                             
0000cdf0  __TI_Handler_Table_Base            
0000cdf6  __TI_Handler_Table_Limit           
0000cdfa  __TI_CINIT_Base                    
0000ce02  __TI_CINIT_Limit                   
0000ffe4  __TI_int02                         
0000ffe6  __TI_int03                         
0000ffea  __TI_int05                         
0000ffec  __TI_int06                         
0000ffee  __TI_int07                         
0000fff0  __TI_int08                         
0000fff2  __TI_int09                         
0000fff4  __TI_int10                         
0000fff6  __TI_int11                         
0000fff8  __TI_int12                         
0000fffa  __TI_int13                         
0000fffc  __TI_int14                         
0000fffe  _reset_vector                      
ffffffff  __binit__                          
ffffffff  __c_args__                         
ffffffff  binit                              
UNDEFED   __TI_INITARRAY_Base                
UNDEFED   __TI_INITARRAY_Limit               

[197 symbols]
