<?xml version="1.0"?>
<link_info>
   <banner>MSP430 Linker PC v4.4.5</banner>
   <copyright>Copyright (c) 2003-2015 Texas Instruments Incorporated</copyright>
   <link_time>0x57d4782c</link_time>
   <link_errors>0x0</link_errors>
   <output_file>MBUS_Display.out</output_file>
   <entry_point>
      <name>_c_int00_noargs_noexit</name>
      <address>0xc872</address>
   </entry_point>
   <input_file_list>
      <input_file id="fl-2">
         <path>.\</path>
         <kind>object</kind>
         <file>main.obj</file>
         <name>main.obj</name>
      </input_file>
      <input_file id="fl-3">
         <path>.\modbus\rtu\</path>
         <kind>object</kind>
         <file>mbcrc.obj</file>
         <name>mbcrc.obj</name>
      </input_file>
      <input_file id="fl-4">
         <path>.\modbus\rtu\</path>
         <kind>object</kind>
         <file>mbrtu.obj</file>
         <name>mbrtu.obj</name>
      </input_file>
      <input_file id="fl-5">
         <path>.\modbus\port\</path>
         <kind>object</kind>
         <file>portevent.obj</file>
         <name>portevent.obj</name>
      </input_file>
      <input_file id="fl-6">
         <path>.\modbus\port\</path>
         <kind>object</kind>
         <file>portserial.obj</file>
         <name>portserial.obj</name>
      </input_file>
      <input_file id="fl-7">
         <path>.\modbus\port\</path>
         <kind>object</kind>
         <file>porttimer.obj</file>
         <name>porttimer.obj</name>
      </input_file>
      <input_file id="fl-8">
         <path>.\modbus\</path>
         <kind>object</kind>
         <file>mb.obj</file>
         <name>mb.obj</name>
      </input_file>
      <input_file id="fl-9">
         <path>.\modbus\functions\</path>
         <kind>object</kind>
         <file>mbfunccoils.obj</file>
         <name>mbfunccoils.obj</name>
      </input_file>
      <input_file id="fl-a">
         <path>.\modbus\functions\</path>
         <kind>object</kind>
         <file>mbfuncdiag.obj</file>
         <name>mbfuncdiag.obj</name>
      </input_file>
      <input_file id="fl-b">
         <path>.\modbus\functions\</path>
         <kind>object</kind>
         <file>mbfuncdisc.obj</file>
         <name>mbfuncdisc.obj</name>
      </input_file>
      <input_file id="fl-c">
         <path>.\modbus\functions\</path>
         <kind>object</kind>
         <file>mbfuncholding.obj</file>
         <name>mbfuncholding.obj</name>
      </input_file>
      <input_file id="fl-d">
         <path>.\modbus\functions\</path>
         <kind>object</kind>
         <file>mbfuncinput.obj</file>
         <name>mbfuncinput.obj</name>
      </input_file>
      <input_file id="fl-e">
         <path>.\modbus\functions\</path>
         <kind>object</kind>
         <file>mbfuncother.obj</file>
         <name>mbfuncother.obj</name>
      </input_file>
      <input_file id="fl-f">
         <path>.\modbus\functions\</path>
         <kind>object</kind>
         <file>mbutils.obj</file>
         <name>mbutils.obj</name>
      </input_file>
      <input_file id="fl-3e">
         <path>C:\ti\ccsv6\tools\compiler\ti-cgt-msp430_4.4.5\lib\</path>
         <kind>archive</kind>
         <file>rts430_eabi.lib</file>
         <name>boot.obj</name>
      </input_file>
      <input_file id="fl-3f">
         <path>C:\ti\ccsv6\tools\compiler\ti-cgt-msp430_4.4.5\lib\</path>
         <kind>archive</kind>
         <file>rts430_eabi.lib</file>
         <name>boot_special.obj</name>
      </input_file>
      <input_file id="fl-40">
         <path>C:\ti\ccsv6\tools\compiler\ti-cgt-msp430_4.4.5\lib\</path>
         <kind>archive</kind>
         <file>rts430_eabi.lib</file>
         <name>copy_decompress_none.obj</name>
      </input_file>
      <input_file id="fl-41">
         <path>C:\ti\ccsv6\tools\compiler\ti-cgt-msp430_4.4.5\lib\</path>
         <kind>archive</kind>
         <file>rts430_eabi.lib</file>
         <name>copy_decompress_rle.obj</name>
      </input_file>
      <input_file id="fl-42">
         <path>C:\ti\ccsv6\tools\compiler\ti-cgt-msp430_4.4.5\lib\</path>
         <kind>archive</kind>
         <file>rts430_eabi.lib</file>
         <name>copy_zero_init.obj</name>
      </input_file>
      <input_file id="fl-43">
         <path>C:\ti\ccsv6\tools\compiler\ti-cgt-msp430_4.4.5\lib\</path>
         <kind>archive</kind>
         <file>rts430_eabi.lib</file>
         <name>div32u.obj</name>
      </input_file>
      <input_file id="fl-44">
         <path>C:\ti\ccsv6\tools\compiler\ti-cgt-msp430_4.4.5\lib\</path>
         <kind>archive</kind>
         <file>rts430_eabi.lib</file>
         <name>epilog.obj</name>
      </input_file>
      <input_file id="fl-45">
         <path>C:\ti\ccsv6\tools\compiler\ti-cgt-msp430_4.4.5\lib\</path>
         <kind>archive</kind>
         <file>rts430_eabi.lib</file>
         <name>exit.obj</name>
      </input_file>
      <input_file id="fl-46">
         <path>C:\ti\ccsv6\tools\compiler\ti-cgt-msp430_4.4.5\lib\</path>
         <kind>archive</kind>
         <file>rts430_eabi.lib</file>
         <name>exit_gvars.obj</name>
      </input_file>
      <input_file id="fl-47">
         <path>C:\ti\ccsv6\tools\compiler\ti-cgt-msp430_4.4.5\lib\</path>
         <kind>archive</kind>
         <file>rts430_eabi.lib</file>
         <name>int02.obj</name>
      </input_file>
      <input_file id="fl-48">
         <path>C:\ti\ccsv6\tools\compiler\ti-cgt-msp430_4.4.5\lib\</path>
         <kind>archive</kind>
         <file>rts430_eabi.lib</file>
         <name>int03.obj</name>
      </input_file>
      <input_file id="fl-49">
         <path>C:\ti\ccsv6\tools\compiler\ti-cgt-msp430_4.4.5\lib\</path>
         <kind>archive</kind>
         <file>rts430_eabi.lib</file>
         <name>int05.obj</name>
      </input_file>
      <input_file id="fl-4a">
         <path>C:\ti\ccsv6\tools\compiler\ti-cgt-msp430_4.4.5\lib\</path>
         <kind>archive</kind>
         <file>rts430_eabi.lib</file>
         <name>int08.obj</name>
      </input_file>
      <input_file id="fl-4b">
         <path>C:\ti\ccsv6\tools\compiler\ti-cgt-msp430_4.4.5\lib\</path>
         <kind>archive</kind>
         <file>rts430_eabi.lib</file>
         <name>int10.obj</name>
      </input_file>
      <input_file id="fl-4c">
         <path>C:\ti\ccsv6\tools\compiler\ti-cgt-msp430_4.4.5\lib\</path>
         <kind>archive</kind>
         <file>rts430_eabi.lib</file>
         <name>int11.obj</name>
      </input_file>
      <input_file id="fl-4d">
         <path>C:\ti\ccsv6\tools\compiler\ti-cgt-msp430_4.4.5\lib\</path>
         <kind>archive</kind>
         <file>rts430_eabi.lib</file>
         <name>int12.obj</name>
      </input_file>
      <input_file id="fl-4e">
         <path>C:\ti\ccsv6\tools\compiler\ti-cgt-msp430_4.4.5\lib\</path>
         <kind>archive</kind>
         <file>rts430_eabi.lib</file>
         <name>int13.obj</name>
      </input_file>
      <input_file id="fl-4f">
         <path>C:\ti\ccsv6\tools\compiler\ti-cgt-msp430_4.4.5\lib\</path>
         <kind>archive</kind>
         <file>rts430_eabi.lib</file>
         <name>int14.obj</name>
      </input_file>
      <input_file id="fl-50">
         <path>C:\ti\ccsv6\tools\compiler\ti-cgt-msp430_4.4.5\lib\</path>
         <kind>archive</kind>
         <file>rts430_eabi.lib</file>
         <name>isr_trap.obj</name>
      </input_file>
      <input_file id="fl-51">
         <path>C:\ti\ccsv6\tools\compiler\ti-cgt-msp430_4.4.5\lib\</path>
         <kind>archive</kind>
         <file>rts430_eabi.lib</file>
         <name>lsl16.obj</name>
      </input_file>
      <input_file id="fl-52">
         <path>C:\ti\ccsv6\tools\compiler\ti-cgt-msp430_4.4.5\lib\</path>
         <kind>archive</kind>
         <file>rts430_eabi.lib</file>
         <name>lsr16.obj</name>
      </input_file>
      <input_file id="fl-53">
         <path>C:\ti\ccsv6\tools\compiler\ti-cgt-msp430_4.4.5\lib\</path>
         <kind>archive</kind>
         <file>rts430_eabi.lib</file>
         <name>memcpy.obj</name>
      </input_file>
      <input_file id="fl-54">
         <path>C:\ti\ccsv6\tools\compiler\ti-cgt-msp430_4.4.5\lib\</path>
         <kind>archive</kind>
         <file>rts430_eabi.lib</file>
         <name>mpu_init.obj</name>
      </input_file>
      <input_file id="fl-55">
         <path>C:\ti\ccsv6\tools\compiler\ti-cgt-msp430_4.4.5\lib\</path>
         <kind>archive</kind>
         <file>rts430_eabi.lib</file>
         <name>mult32.obj</name>
      </input_file>
      <input_file id="fl-56">
         <path>C:\ti\ccsv6\tools\compiler\ti-cgt-msp430_4.4.5\lib\</path>
         <kind>archive</kind>
         <file>rts430_eabi.lib</file>
         <name>pre_init.obj</name>
      </input_file>
      <input_file id="fl-57">
         <path>C:\ti\ccsv6\tools\compiler\ti-cgt-msp430_4.4.5\lib\</path>
         <kind>archive</kind>
         <file>rts430_eabi.lib</file>
         <name>_lock.obj</name>
      </input_file>
      <input_file id="fl-58">
         <path>C:\ti\ccsv6\tools\compiler\ti-cgt-msp430_4.4.5\lib\</path>
         <kind>archive</kind>
         <file>rts430_eabi.lib</file>
         <name>args_main.obj</name>
      </input_file>
      <input_file id="fl-59">
         <path>C:\ti\ccsv6\tools\compiler\ti-cgt-msp430_4.4.5\lib\</path>
         <kind>archive</kind>
         <file>rts430_eabi.lib</file>
         <name>autoinit.obj</name>
      </input_file>
   </input_file_list>
   <object_component_list>
      <object_component id="oc-89">
         <name>.stack</name>
         <uninitialized>true</uninitialized>
         <run_address>0x3b0</run_address>
         <size>0x2</size>
         <input_file_ref idref="fl-3e"/>
      </object_component>
      <object_component id="oc-30d">
         <name>.stack</name>
         <uninitialized>true</uninitialized>
         <run_address>0x3b0</run_address>
         <size>0x0</size>
      </object_component>
      <object_component id="oc-153">
         <name>.text:eMBPoll</name>
         <load_address>0xc000</load_address>
         <run_address>0xc000</run_address>
         <size>0xca</size>
         <input_file_ref idref="fl-8"/>
      </object_component>
      <object_component id="oc-e5">
         <name>.text:main</name>
         <load_address>0xc0ca</load_address>
         <run_address>0xc0ca</run_address>
         <size>0x96</size>
         <input_file_ref idref="fl-2"/>
      </object_component>
      <object_component id="oc-147">
         <name>.text:eMBInit</name>
         <load_address>0xc160</load_address>
         <run_address>0xc160</run_address>
         <size>0x88</size>
         <input_file_ref idref="fl-8"/>
      </object_component>
      <object_component id="oc-1b0">
         <name>.text:eMBRTUSend</name>
         <load_address>0xc1e8</load_address>
         <run_address>0xc1e8</run_address>
         <size>0x76</size>
         <input_file_ref idref="fl-4"/>
      </object_component>
      <object_component id="oc-26a">
         <name>.text:eMBFuncReadHoldingRegister</name>
         <load_address>0xc25e</load_address>
         <run_address>0xc25e</run_address>
         <size>0x6e</size>
         <input_file_ref idref="fl-c"/>
      </object_component>
      <object_component id="oc-244">
         <name>.text:xMBPortSerialInit</name>
         <load_address>0xc2cc</load_address>
         <run_address>0xc2cc</run_address>
         <size>0x6e</size>
         <input_file_ref idref="fl-6"/>
      </object_component>
      <object_component id="oc-1d1">
         <name>.text:eMBRTUInit</name>
         <load_address>0xc33a</load_address>
         <run_address>0xc33a</run_address>
         <size>0x6c</size>
         <input_file_ref idref="fl-4"/>
      </object_component>
      <object_component id="oc-2a7">
         <name>.text:eMBRegHoldingCB</name>
         <load_address>0xc3a6</load_address>
         <run_address>0xc3a6</run_address>
         <size>0x6c</size>
         <input_file_ref idref="fl-2"/>
      </object_component>
      <object_component id="oc-270">
         <name>.text:eMBFuncWriteMultipleHoldingRegister</name>
         <load_address>0xc412</load_address>
         <run_address>0xc412</run_address>
         <size>0x66</size>
         <input_file_ref idref="fl-c"/>
      </object_component>
      <object_component id="oc-9a">
         <name>.text:__TI_decompress_rle_core</name>
         <load_address>0xc478</load_address>
         <run_address>0xc478</run_address>
         <size>0x64</size>
         <input_file_ref idref="fl-41"/>
      </object_component>
      <object_component id="oc-1bf">
         <name>.text:xMBRTUReceiveFSM</name>
         <load_address>0xc4dc</load_address>
         <run_address>0xc4dc</run_address>
         <size>0x62</size>
         <input_file_ref idref="fl-4"/>
      </object_component>
      <object_component id="oc-1b7">
         <name>.text:eMBRTUReceive</name>
         <load_address>0xc53e</load_address>
         <run_address>0xc53e</run_address>
         <size>0x5c</size>
         <input_file_ref idref="fl-4"/>
      </object_component>
      <object_component id="oc-cb">
         <name>.text:_auto_init</name>
         <load_address>0xc59a</load_address>
         <run_address>0xc59a</run_address>
         <size>0x58</size>
         <input_file_ref idref="fl-59"/>
      </object_component>
      <object_component id="oc-24a">
         <name>.text</name>
         <load_address>0xc5f2</load_address>
         <run_address>0xc5f2</run_address>
         <size>0x58</size>
         <input_file_ref idref="fl-43"/>
      </object_component>
      <object_component id="oc-1c5">
         <name>.text:xMBRTUTransmitFSM</name>
         <load_address>0xc64a</load_address>
         <run_address>0xc64a</run_address>
         <size>0x50</size>
         <input_file_ref idref="fl-4"/>
      </object_component>
      <object_component id="oc-24f">
         <name>.text:xMBPortTimersInit</name>
         <load_address>0xc69a</load_address>
         <run_address>0xc69a</run_address>
         <size>0x46</size>
         <input_file_ref idref="fl-7"/>
      </object_component>
      <object_component id="oc-276">
         <name>.text:eMBFuncWriteHoldingRegister</name>
         <load_address>0xc6e0</load_address>
         <run_address>0xc6e0</run_address>
         <size>0x38</size>
         <input_file_ref idref="fl-c"/>
      </object_component>
      <object_component id="oc-135">
         <name>.text:config_clk</name>
         <load_address>0xc718</load_address>
         <run_address>0xc718</run_address>
         <size>0x32</size>
         <input_file_ref idref="fl-2"/>
      </object_component>
      <object_component id="oc-20e">
         <name>.text:vMBPortSerialEnable</name>
         <load_address>0xc74a</load_address>
         <run_address>0xc74a</run_address>
         <size>0x30</size>
         <input_file_ref idref="fl-6"/>
      </object_component>
      <object_component id="oc-22a">
         <name>.text:usMBCRC16</name>
         <load_address>0xc77a</load_address>
         <run_address>0xc77a</run_address>
         <size>0x2c</size>
         <input_file_ref idref="fl-3"/>
      </object_component>
      <object_component id="oc-1cb">
         <name>.text:xMBRTUTimerT35Expired</name>
         <load_address>0xc7a6</load_address>
         <run_address>0xc7a6</run_address>
         <size>0x2c</size>
         <input_file_ref idref="fl-4"/>
      </object_component>
      <object_component id="oc-264">
         <name>.text:eMBFuncReportSlaveID</name>
         <load_address>0xc7d2</load_address>
         <run_address>0xc7d2</run_address>
         <size>0x26</size>
         <input_file_ref idref="fl-e"/>
      </object_component>
      <object_component id="oc-29a">
         <name>.text</name>
         <load_address>0xc7f8</load_address>
         <run_address>0xc7f8</run_address>
         <size>0x26</size>
         <input_file_ref idref="fl-55"/>
      </object_component>
      <object_component id="oc-2ad">
         <name>.text:prveMBError2Exception</name>
         <load_address>0xc81e</load_address>
         <run_address>0xc81e</run_address>
         <size>0x20</size>
         <input_file_ref idref="fl-f"/>
      </object_component>
      <object_component id="oc-b2">
         <name>.text:USCI0RX_ISR_HOOK</name>
         <load_address>0xc83e</load_address>
         <run_address>0xc83e</run_address>
         <size>0x1a</size>
         <input_file_ref idref="fl-6"/>
      </object_component>
      <object_component id="oc-ac">
         <name>.text:USCI0TX_ISR_HOOK</name>
         <load_address>0xc858</load_address>
         <run_address>0xc858</run_address>
         <size>0x1a</size>
         <input_file_ref idref="fl-6"/>
      </object_component>
      <object_component id="oc-65">
         <name>.text:_c_int00_noargs_noexit</name>
         <load_address>0xc872</load_address>
         <run_address>0xc872</run_address>
         <size>0x1a</size>
         <input_file_ref idref="fl-3f"/>
      </object_component>
      <object_component id="oc-13b">
         <name>.text:config_io</name>
         <load_address>0xc88c</load_address>
         <run_address>0xc88c</run_address>
         <size>0x1a</size>
         <input_file_ref idref="fl-2"/>
      </object_component>
      <object_component id="oc-b8">
         <name>.text:prvvMBTimerIRQHandler</name>
         <load_address>0xc8a6</load_address>
         <run_address>0xc8a6</run_address>
         <size>0x1a</size>
         <input_file_ref idref="fl-7"/>
      </object_component>
      <object_component id="oc-14d">
         <name>.text:eMBEnable</name>
         <load_address>0xc8c0</load_address>
         <run_address>0xc8c0</run_address>
         <size>0x18</size>
         <input_file_ref idref="fl-8"/>
      </object_component>
      <object_component id="oc-1a2">
         <name>.text:eMBRTUStart</name>
         <load_address>0xc8d8</load_address>
         <run_address>0xc8d8</run_address>
         <size>0x18</size>
         <input_file_ref idref="fl-4"/>
      </object_component>
      <object_component id="oc-1e3">
         <name>.text:xMBPortEventGet</name>
         <load_address>0xc8f0</load_address>
         <run_address>0xc8f0</run_address>
         <size>0x18</size>
         <input_file_ref idref="fl-5"/>
      </object_component>
      <object_component id="oc-47">
         <name>.text:decompress:ZI:__TI_zero_init</name>
         <load_address>0xc908</load_address>
         <run_address>0xc908</run_address>
         <size>0x14</size>
         <input_file_ref idref="fl-42"/>
      </object_component>
      <object_component id="oc-1a9">
         <name>.text:eMBRTUStop</name>
         <load_address>0xc91c</load_address>
         <run_address>0xc91c</run_address>
         <size>0x14</size>
         <input_file_ref idref="fl-4"/>
      </object_component>
      <object_component id="oc-235">
         <name>.text:xMBPortSerialGetByte</name>
         <load_address>0xc930</load_address>
         <run_address>0xc930</run_address>
         <size>0x14</size>
         <input_file_ref idref="fl-6"/>
      </object_component>
      <object_component id="oc-2f">
         <name>.text:decompress:none:__TI_decompress_none</name>
         <load_address>0xc944</load_address>
         <run_address>0xc944</run_address>
         <size>0x12</size>
         <input_file_ref idref="fl-40"/>
      </object_component>
      <object_component id="oc-8d">
         <name>.text:memcpy</name>
         <load_address>0xc956</load_address>
         <run_address>0xc956</run_address>
         <size>0x12</size>
         <input_file_ref idref="fl-53"/>
      </object_component>
      <object_component id="oc-214">
         <name>.text:vMBPortTimersEnable</name>
         <load_address>0xc968</load_address>
         <run_address>0xc968</run_address>
         <size>0x12</size>
         <input_file_ref idref="fl-7"/>
      </object_component>
      <object_component id="oc-207">
         <name>.text:EnterCriticalSection</name>
         <load_address>0xc97a</load_address>
         <run_address>0xc97a</run_address>
         <size>0x10</size>
         <input_file_ref idref="fl-6"/>
      </object_component>
      <object_component id="oc-10e">
         <name>.text</name>
         <load_address>0xc98a</load_address>
         <run_address>0xc98a</run_address>
         <size>0x10</size>
         <input_file_ref idref="fl-44"/>
      </object_component>
      <object_component id="oc-141">
         <name>.text:config_AD</name>
         <load_address>0xc99a</load_address>
         <run_address>0xc99a</run_address>
         <size>0xe</size>
         <input_file_ref idref="fl-2"/>
      </object_component>
      <object_component id="oc-221">
         <name>.text:vMBPortTimersDisable</name>
         <load_address>0xc9a8</load_address>
         <run_address>0xc9a8</run_address>
         <size>0xe</size>
         <input_file_ref idref="fl-7"/>
      </object_component>
      <object_component id="oc-23c">
         <name>.text:xMBPortSerialPutByte</name>
         <load_address>0xc9b6</load_address>
         <run_address>0xc9b6</run_address>
         <size>0xe</size>
         <input_file_ref idref="fl-6"/>
      </object_component>
      <object_component id="oc-1ec">
         <name>.text:xMBPortEventPost</name>
         <load_address>0xc9c4</load_address>
         <run_address>0xc9c4</run_address>
         <size>0xc</size>
         <input_file_ref idref="fl-5"/>
      </object_component>
      <object_component id="oc-21a">
         <name>.text:ExitCriticalSection</name>
         <load_address>0xc9d0</load_address>
         <run_address>0xc9d0</run_address>
         <size>0xa</size>
         <input_file_ref idref="fl-6"/>
      </object_component>
      <object_component id="oc-1d7">
         <name>.text:xMBPortEventInit</name>
         <load_address>0xc9da</load_address>
         <run_address>0xc9da</run_address>
         <size>0x8</size>
         <input_file_ref idref="fl-5"/>
      </object_component>
      <object_component id="oc-a7">
         <name>.text:_isr:__TI_ISR_TRAP</name>
         <load_address>0xc9e2</load_address>
         <run_address>0xc9e2</run_address>
         <size>0x6</size>
         <input_file_ref idref="fl-50"/>
      </object_component>
      <object_component id="oc-35">
         <name>.text:decompress:rle24:__TI_decompress_rle24</name>
         <load_address>0xc9e8</load_address>
         <run_address>0xc9e8</run_address>
         <size>0x6</size>
         <input_file_ref idref="fl-41"/>
      </object_component>
      <object_component id="oc-c5">
         <name>.text:_system_pre_init</name>
         <load_address>0xc9ee</load_address>
         <run_address>0xc9ee</run_address>
         <size>0x4</size>
         <input_file_ref idref="fl-56"/>
      </object_component>
      <object_component id="oc-ed">
         <name>.text:abort</name>
         <load_address>0xc9f2</load_address>
         <run_address>0xc9f2</run_address>
         <size>0x4</size>
         <input_file_ref idref="fl-45"/>
      </object_component>
      <object_component id="oc-30c">
         <name>.cinit..data.load</name>
         <load_address>0xcbf6</load_address>
         <run_address>0xcbf6</run_address>
         <size>0x26</size>
      </object_component>
      <object_component id="oc-309">
         <name>__TI_handler_table</name>
         <load_address>0xcc1c</load_address>
         <run_address>0xcc1c</run_address>
         <size>0x6</size>
      </object_component>
      <object_component id="oc-30b">
         <name>.cinit..bss.load</name>
         <load_address>0xcc22</load_address>
         <run_address>0xcc22</run_address>
         <size>0x4</size>
      </object_component>
      <object_component id="oc-30a">
         <name>__TI_cinit_table</name>
         <load_address>0xcc26</load_address>
         <run_address>0xcc26</run_address>
         <size>0x8</size>
      </object_component>
      <object_component id="oc-28e">
         <name>.const:.string:aucCRCHi</name>
         <load_address>0xc9f6</load_address>
         <run_address>0xc9f6</run_address>
         <size>0x100</size>
         <input_file_ref idref="fl-3"/>
      </object_component>
      <object_component id="oc-291">
         <name>.const:.string:aucCRCLo</name>
         <load_address>0xcaf6</load_address>
         <run_address>0xcaf6</run_address>
         <size>0x100</size>
         <input_file_ref idref="fl-3"/>
      </object_component>
      <object_component id="oc-3b">
         <name>.int02</name>
         <load_address>0xffe4</load_address>
         <run_address>0xffe4</run_address>
         <size>0x2</size>
         <input_file_ref idref="fl-47"/>
      </object_component>
      <object_component id="oc-3c">
         <name>.int03</name>
         <load_address>0xffe6</load_address>
         <run_address>0xffe6</run_address>
         <size>0x2</size>
         <input_file_ref idref="fl-48"/>
      </object_component>
      <object_component id="oc-3d">
         <name>.int05</name>
         <load_address>0xffea</load_address>
         <run_address>0xffea</run_address>
         <size>0x2</size>
         <input_file_ref idref="fl-49"/>
      </object_component>
      <object_component id="oc-3e">
         <name>.int06</name>
         <load_address>0xffec</load_address>
         <run_address>0xffec</run_address>
         <size>0x2</size>
         <input_file_ref idref="fl-6"/>
      </object_component>
      <object_component id="oc-3f">
         <name>.int07</name>
         <load_address>0xffee</load_address>
         <run_address>0xffee</run_address>
         <size>0x2</size>
         <input_file_ref idref="fl-6"/>
      </object_component>
      <object_component id="oc-40">
         <name>.int08</name>
         <load_address>0xfff0</load_address>
         <run_address>0xfff0</run_address>
         <size>0x2</size>
         <input_file_ref idref="fl-4a"/>
      </object_component>
      <object_component id="oc-41">
         <name>.int09</name>
         <load_address>0xfff2</load_address>
         <run_address>0xfff2</run_address>
         <size>0x2</size>
         <input_file_ref idref="fl-7"/>
      </object_component>
      <object_component id="oc-42">
         <name>.int10</name>
         <load_address>0xfff4</load_address>
         <run_address>0xfff4</run_address>
         <size>0x2</size>
         <input_file_ref idref="fl-4b"/>
      </object_component>
      <object_component id="oc-43">
         <name>.int11</name>
         <load_address>0xfff6</load_address>
         <run_address>0xfff6</run_address>
         <size>0x2</size>
         <input_file_ref idref="fl-4c"/>
      </object_component>
      <object_component id="oc-44">
         <name>.int12</name>
         <load_address>0xfff8</load_address>
         <run_address>0xfff8</run_address>
         <size>0x2</size>
         <input_file_ref idref="fl-4d"/>
      </object_component>
      <object_component id="oc-45">
         <name>.int13</name>
         <load_address>0xfffa</load_address>
         <run_address>0xfffa</run_address>
         <size>0x2</size>
         <input_file_ref idref="fl-4e"/>
      </object_component>
      <object_component id="oc-46">
         <name>.int14</name>
         <load_address>0xfffc</load_address>
         <run_address>0xfffc</run_address>
         <size>0x2</size>
         <input_file_ref idref="fl-4f"/>
      </object_component>
      <object_component id="oc-8c">
         <name>.reset</name>
         <load_address>0xfffe</load_address>
         <run_address>0xfffe</run_address>
         <size>0x2</size>
         <input_file_ref idref="fl-3e"/>
      </object_component>
      <object_component id="oc-2cc">
         <name>.common:HoldingReg</name>
         <uninitialized>true</uninitialized>
         <run_address>0x240</run_address>
         <size>0x28</size>
      </object_component>
      <object_component id="oc-231">
         <name>.common:eSndState</name>
         <uninitialized>true</uninitialized>
         <run_address>0x27e</run_address>
         <size>0x2</size>
      </object_component>
      <object_component id="oc-20d">
         <name>.common:eRcvState</name>
         <uninitialized>true</uninitialized>
         <run_address>0x27c</run_address>
         <size>0x2</size>
      </object_component>
      <object_component id="oc-228">
         <name>.common:pucSndBufferCur</name>
         <uninitialized>true</uninitialized>
         <run_address>0x284</run_address>
         <size>0x2</size>
      </object_component>
      <object_component id="oc-229">
         <name>.common:usSndBufferCount</name>
         <uninitialized>true</uninitialized>
         <run_address>0x29a</run_address>
         <size>0x2</size>
      </object_component>
      <object_component id="oc-233">
         <name>.common:usRcvBufferPos</name>
         <uninitialized>true</uninitialized>
         <run_address>0x298</run_address>
         <size>0x2</size>
      </object_component>
      <object_component id="oc-230">
         <name>.common:ucRTUBuf</name>
         <uninitialized>true</uninitialized>
         <run_address>0x200</run_address>
         <size>0x40</size>
      </object_component>
      <object_component id="oc-261">
         <name>.common:eQueuedEvent</name>
         <uninitialized>true</uninitialized>
         <run_address>0x27a</run_address>
         <size>0x2</size>
      </object_component>
      <object_component id="oc-256">
         <name>.common:xEventInQueue</name>
         <uninitialized>true</uninitialized>
         <run_address>0x29f</run_address>
         <size>0x1</size>
      </object_component>
      <object_component id="oc-1a1">
         <name>.common:ucMBAddress</name>
         <uninitialized>true</uninitialized>
         <run_address>0x29d</run_address>
         <size>0x1</size>
      </object_component>
      <object_component id="oc-1dd">
         <name>.common:eMBCurrentMode</name>
         <uninitialized>true</uninitialized>
         <run_address>0x278</run_address>
         <size>0x2</size>
      </object_component>
      <object_component id="oc-1b6">
         <name>.common:peMBFrameSendCur</name>
         <uninitialized>true</uninitialized>
         <run_address>0x282</run_address>
         <size>0x2</size>
      </object_component>
      <object_component id="oc-1a8">
         <name>.common:pvMBFrameStartCur</name>
         <uninitialized>true</uninitialized>
         <run_address>0x288</run_address>
         <size>0x2</size>
      </object_component>
      <object_component id="oc-1af">
         <name>.common:pvMBFrameStopCur</name>
         <uninitialized>true</uninitialized>
         <run_address>0x28a</run_address>
         <size>0x2</size>
      </object_component>
      <object_component id="oc-1bd">
         <name>.common:peMBFrameReceiveCur</name>
         <uninitialized>true</uninitialized>
         <run_address>0x280</run_address>
         <size>0x2</size>
      </object_component>
      <object_component id="oc-1be">
         <name>.common:pvMBFrameCloseCur</name>
         <uninitialized>true</uninitialized>
         <run_address>0x286</run_address>
         <size>0x2</size>
      </object_component>
      <object_component id="oc-1ea">
         <name>.common:ucMBFrame$1</name>
         <uninitialized>true</uninitialized>
         <run_address>0x292</run_address>
         <size>0x2</size>
      </object_component>
      <object_component id="oc-1e9">
         <name>.common:ucRcvAddress$2</name>
         <uninitialized>true</uninitialized>
         <run_address>0x29e</run_address>
         <size>0x1</size>
      </object_component>
      <object_component id="oc-1f2">
         <name>.common:ucFunctionCode$3</name>
         <uninitialized>true</uninitialized>
         <run_address>0x29c</run_address>
         <size>0x1</size>
      </object_component>
      <object_component id="oc-1eb">
         <name>.common:usLength$4</name>
         <uninitialized>true</uninitialized>
         <run_address>0x294</run_address>
         <size>0x2</size>
      </object_component>
      <object_component id="oc-11b">
         <name>.common:pxMBFrameCBByteReceived</name>
         <uninitialized>true</uninitialized>
         <run_address>0x28c</run_address>
         <size>0x2</size>
      </object_component>
      <object_component id="oc-117">
         <name>.common:pxMBFrameCBTransmitterEmpty</name>
         <uninitialized>true</uninitialized>
         <run_address>0x28e</run_address>
         <size>0x2</size>
      </object_component>
      <object_component id="oc-11d">
         <name>.common:pxMBPortCBTimerExpired</name>
         <uninitialized>true</uninitialized>
         <run_address>0x290</run_address>
         <size>0x2</size>
      </object_component>
      <object_component id="oc-2a2">
         <name>.common:ucMBSlaveID</name>
         <uninitialized>true</uninitialized>
         <run_address>0x268</run_address>
         <size>0x10</size>
      </object_component>
      <object_component id="oc-2a5">
         <name>.common:usMBSlaveIDLen</name>
         <uninitialized>true</uninitialized>
         <run_address>0x296</run_address>
         <size>0x2</size>
      </object_component>
      <object_component id="oc-2c9">
         <name>.data</name>
         <load_address>0x2ba</load_address>
         <run_address>0x2ba</run_address>
         <size>0x4</size>
         <input_file_ref idref="fl-2"/>
      </object_component>
      <object_component id="oc-159">
         <name>.data:usRegInputBuf</name>
         <load_address>0x2b0</load_address>
         <run_address>0x2b0</run_address>
         <size>0xa</size>
         <input_file_ref idref="fl-2"/>
      </object_component>
      <object_component id="oc-285">
         <name>.data</name>
         <load_address>0x2c0</load_address>
         <run_address>0x2c0</run_address>
         <size>0x2</size>
         <input_file_ref idref="fl-6"/>
      </object_component>
      <object_component id="oc-1de">
         <name>.data</name>
         <load_address>0x2be</load_address>
         <run_address>0x2be</run_address>
         <size>0x2</size>
         <input_file_ref idref="fl-8"/>
      </object_component>
      <object_component id="oc-1f3">
         <name>.data:xFuncHandlers</name>
         <load_address>0x2a0</load_address>
         <run_address>0x2a0</run_address>
         <size>0x10</size>
         <input_file_ref idref="fl-8"/>
      </object_component>
      <object_component id="oc-15d">
         <name>.debug_info</name>
         <load_address>0x0</load_address>
         <run_address>0x0</run_address>
         <size>0x3c8</size>
         <input_file_ref idref="fl-2"/>
      </object_component>
      <object_component id="oc-2ca">
         <name>.debug_info</name>
         <load_address>0x3c8</load_address>
         <run_address>0x3c8</run_address>
         <size>0x106</size>
         <input_file_ref idref="fl-2"/>
      </object_component>
      <object_component id="oc-15a">
         <name>.debug_info</name>
         <load_address>0x4ce</load_address>
         <run_address>0x4ce</run_address>
         <size>0xd0</size>
         <input_file_ref idref="fl-2"/>
      </object_component>
      <object_component id="oc-136">
         <name>.debug_info</name>
         <load_address>0x59e</load_address>
         <run_address>0x59e</run_address>
         <size>0xf5</size>
         <input_file_ref idref="fl-2"/>
      </object_component>
      <object_component id="oc-13c">
         <name>.debug_info</name>
         <load_address>0x693</load_address>
         <run_address>0x693</run_address>
         <size>0xf3</size>
         <input_file_ref idref="fl-2"/>
      </object_component>
      <object_component id="oc-142">
         <name>.debug_info</name>
         <load_address>0x786</load_address>
         <run_address>0x786</run_address>
         <size>0xf3</size>
         <input_file_ref idref="fl-2"/>
      </object_component>
      <object_component id="oc-e6">
         <name>.debug_info</name>
         <load_address>0x879</load_address>
         <run_address>0x879</run_address>
         <size>0x15e</size>
         <input_file_ref idref="fl-2"/>
      </object_component>
      <object_component id="oc-2a8">
         <name>.debug_info</name>
         <load_address>0x9d7</load_address>
         <run_address>0x9d7</run_address>
         <size>0x1d3</size>
         <input_file_ref idref="fl-2"/>
      </object_component>
      <object_component id="oc-165">
         <name>.debug_info</name>
         <load_address>0xbaa</load_address>
         <run_address>0xbaa</run_address>
         <size>0xdc</size>
         <input_file_ref idref="fl-2"/>
      </object_component>
      <object_component id="oc-16f">
         <name>.debug_info</name>
         <load_address>0xc86</load_address>
         <run_address>0xc86</run_address>
         <size>0xd9</size>
         <input_file_ref idref="fl-2"/>
      </object_component>
      <object_component id="oc-16a">
         <name>.debug_info</name>
         <load_address>0xd5f</load_address>
         <run_address>0xd5f</run_address>
         <size>0x8c</size>
         <input_file_ref idref="fl-2"/>
      </object_component>
      <object_component id="oc-1fb">
         <name>.debug_info</name>
         <load_address>0xdeb</load_address>
         <run_address>0xdeb</run_address>
         <size>0x62</size>
         <input_file_ref idref="fl-2"/>
      </object_component>
      <object_component id="oc-fb">
         <name>.debug_info</name>
         <load_address>0xe4d</load_address>
         <run_address>0xe4d</run_address>
         <size>0x84</size>
         <input_file_ref idref="fl-2"/>
      </object_component>
      <object_component id="oc-174">
         <name>.debug_info</name>
         <load_address>0xed1</load_address>
         <run_address>0xed1</run_address>
         <size>0x7a</size>
         <input_file_ref idref="fl-2"/>
      </object_component>
      <object_component id="oc-295">
         <name>.debug_info</name>
         <load_address>0xf4b</load_address>
         <run_address>0xf4b</run_address>
         <size>0x144</size>
         <input_file_ref idref="fl-3"/>
      </object_component>
      <object_component id="oc-28f">
         <name>.debug_info</name>
         <load_address>0x108f</load_address>
         <run_address>0x108f</run_address>
         <size>0xd2</size>
         <input_file_ref idref="fl-3"/>
      </object_component>
      <object_component id="oc-292">
         <name>.debug_info</name>
         <load_address>0x1161</load_address>
         <run_address>0x1161</run_address>
         <size>0xd2</size>
         <input_file_ref idref="fl-3"/>
      </object_component>
      <object_component id="oc-22b">
         <name>.debug_info</name>
         <load_address>0x1233</load_address>
         <run_address>0x1233</run_address>
         <size>0x1b6</size>
         <input_file_ref idref="fl-3"/>
      </object_component>
      <object_component id="oc-200">
         <name>.debug_info</name>
         <load_address>0x13e9</load_address>
         <run_address>0x13e9</run_address>
         <size>0x56c</size>
         <input_file_ref idref="fl-4"/>
      </object_component>
      <object_component id="oc-1c6">
         <name>.debug_info</name>
         <load_address>0x1955</load_address>
         <run_address>0x1955</run_address>
         <size>0x1af</size>
         <input_file_ref idref="fl-4"/>
      </object_component>
      <object_component id="oc-1cc">
         <name>.debug_info</name>
         <load_address>0x1b04</load_address>
         <run_address>0x1b04</run_address>
         <size>0x183</size>
         <input_file_ref idref="fl-4"/>
      </object_component>
      <object_component id="oc-1c0">
         <name>.debug_info</name>
         <load_address>0x1c87</load_address>
         <run_address>0x1c87</run_address>
         <size>0x175</size>
         <input_file_ref idref="fl-4"/>
      </object_component>
      <object_component id="oc-1aa">
         <name>.debug_info</name>
         <load_address>0x1dfc</load_address>
         <run_address>0x1dfc</run_address>
         <size>0x17e</size>
         <input_file_ref idref="fl-4"/>
      </object_component>
      <object_component id="oc-1a3">
         <name>.debug_info</name>
         <load_address>0x1f7a</load_address>
         <run_address>0x1f7a</run_address>
         <size>0x17f</size>
         <input_file_ref idref="fl-4"/>
      </object_component>
      <object_component id="oc-1b1">
         <name>.debug_info</name>
         <load_address>0x20f9</load_address>
         <run_address>0x20f9</run_address>
         <size>0x258</size>
         <input_file_ref idref="fl-4"/>
      </object_component>
      <object_component id="oc-1b8">
         <name>.debug_info</name>
         <load_address>0x2351</load_address>
         <run_address>0x2351</run_address>
         <size>0x253</size>
         <input_file_ref idref="fl-4"/>
      </object_component>
      <object_component id="oc-1d2">
         <name>.debug_info</name>
         <load_address>0x25a4</load_address>
         <run_address>0x25a4</run_address>
         <size>0x292</size>
         <input_file_ref idref="fl-4"/>
      </object_component>
      <object_component id="oc-179">
         <name>.debug_info</name>
         <load_address>0x2836</load_address>
         <run_address>0x2836</run_address>
         <size>0x60</size>
         <input_file_ref idref="fl-4"/>
      </object_component>
      <object_component id="oc-280">
         <name>.debug_info</name>
         <load_address>0x2896</load_address>
         <run_address>0x2896</run_address>
         <size>0x91</size>
         <input_file_ref idref="fl-4"/>
      </object_component>
      <object_component id="oc-2c4">
         <name>.debug_info</name>
         <load_address>0x2927</load_address>
         <run_address>0x2927</run_address>
         <size>0x110</size>
         <input_file_ref idref="fl-4"/>
      </object_component>
      <object_component id="oc-257">
         <name>.debug_info</name>
         <load_address>0x2a37</load_address>
         <run_address>0x2a37</run_address>
         <size>0x1b8</size>
         <input_file_ref idref="fl-5"/>
      </object_component>
      <object_component id="oc-1ed">
         <name>.debug_info</name>
         <load_address>0x2bef</load_address>
         <run_address>0x2bef</run_address>
         <size>0x162</size>
         <input_file_ref idref="fl-5"/>
      </object_component>
      <object_component id="oc-1d8">
         <name>.debug_info</name>
         <load_address>0x2d51</load_address>
         <run_address>0x2d51</run_address>
         <size>0x138</size>
         <input_file_ref idref="fl-5"/>
      </object_component>
      <object_component id="oc-1e4">
         <name>.debug_info</name>
         <load_address>0x2e89</load_address>
         <run_address>0x2e89</run_address>
         <size>0x18b</size>
         <input_file_ref idref="fl-5"/>
      </object_component>
      <object_component id="oc-28a">
         <name>.debug_info</name>
         <load_address>0x3014</load_address>
         <run_address>0x3014</run_address>
         <size>0x36a</size>
         <input_file_ref idref="fl-6"/>
      </object_component>
      <object_component id="oc-286">
         <name>.debug_info</name>
         <load_address>0x337e</load_address>
         <run_address>0x337e</run_address>
         <size>0x11a</size>
         <input_file_ref idref="fl-6"/>
      </object_component>
      <object_component id="oc-23d">
         <name>.debug_info</name>
         <load_address>0x3498</load_address>
         <run_address>0x3498</run_address>
         <size>0x16d</size>
         <input_file_ref idref="fl-6"/>
      </object_component>
      <object_component id="oc-245">
         <name>.debug_info</name>
         <load_address>0x3605</load_address>
         <run_address>0x3605</run_address>
         <size>0x23c</size>
         <input_file_ref idref="fl-6"/>
      </object_component>
      <object_component id="oc-236">
         <name>.debug_info</name>
         <load_address>0x3841</load_address>
         <run_address>0x3841</run_address>
         <size>0x177</size>
         <input_file_ref idref="fl-6"/>
      </object_component>
      <object_component id="oc-208">
         <name>.debug_info</name>
         <load_address>0x39b8</load_address>
         <run_address>0x39b8</run_address>
         <size>0x142</size>
         <input_file_ref idref="fl-6"/>
      </object_component>
      <object_component id="oc-21b">
         <name>.debug_info</name>
         <load_address>0x3afa</load_address>
         <run_address>0x3afa</run_address>
         <size>0x140</size>
         <input_file_ref idref="fl-6"/>
      </object_component>
      <object_component id="oc-20f">
         <name>.debug_info</name>
         <load_address>0x3c3a</load_address>
         <run_address>0x3c3a</run_address>
         <size>0x1d9</size>
         <input_file_ref idref="fl-6"/>
      </object_component>
      <object_component id="oc-ad">
         <name>.debug_info</name>
         <load_address>0x3e13</load_address>
         <run_address>0x3e13</run_address>
         <size>0x142</size>
         <input_file_ref idref="fl-6"/>
      </object_component>
      <object_component id="oc-b3">
         <name>.debug_info</name>
         <load_address>0x3f55</load_address>
         <run_address>0x3f55</run_address>
         <size>0x13f</size>
         <input_file_ref idref="fl-6"/>
      </object_component>
      <object_component id="oc-250">
         <name>.debug_info</name>
         <load_address>0x4094</load_address>
         <run_address>0x4094</run_address>
         <size>0x1dd</size>
         <input_file_ref idref="fl-7"/>
      </object_component>
      <object_component id="oc-215">
         <name>.debug_info</name>
         <load_address>0x4271</load_address>
         <run_address>0x4271</run_address>
         <size>0x13a</size>
         <input_file_ref idref="fl-7"/>
      </object_component>
      <object_component id="oc-222">
         <name>.debug_info</name>
         <load_address>0x43ab</load_address>
         <run_address>0x43ab</run_address>
         <size>0x13c</size>
         <input_file_ref idref="fl-7"/>
      </object_component>
      <object_component id="oc-b9">
         <name>.debug_info</name>
         <load_address>0x44e7</load_address>
         <run_address>0x44e7</run_address>
         <size>0x146</size>
         <input_file_ref idref="fl-7"/>
      </object_component>
      <object_component id="oc-118">
         <name>.debug_info</name>
         <load_address>0x462d</load_address>
         <run_address>0x462d</run_address>
         <size>0x88f</size>
         <input_file_ref idref="fl-8"/>
      </object_component>
      <object_component id="oc-1df">
         <name>.debug_info</name>
         <load_address>0x4ebc</load_address>
         <run_address>0x4ebc</run_address>
         <size>0xcb</size>
         <input_file_ref idref="fl-8"/>
      </object_component>
      <object_component id="oc-1f4">
         <name>.debug_info</name>
         <load_address>0x4f87</load_address>
         <run_address>0x4f87</run_address>
         <size>0xd5</size>
         <input_file_ref idref="fl-8"/>
      </object_component>
      <object_component id="oc-154">
         <name>.debug_info</name>
         <load_address>0x505c</load_address>
         <run_address>0x505c</run_address>
         <size>0x20e</size>
         <input_file_ref idref="fl-8"/>
      </object_component>
      <object_component id="oc-148">
         <name>.debug_info</name>
         <load_address>0x526a</load_address>
         <run_address>0x526a</run_address>
         <size>0x248</size>
         <input_file_ref idref="fl-8"/>
      </object_component>
      <object_component id="oc-14e">
         <name>.debug_info</name>
         <load_address>0x54b2</load_address>
         <run_address>0x54b2</run_address>
         <size>0x12d</size>
         <input_file_ref idref="fl-8"/>
      </object_component>
      <object_component id="oc-25c">
         <name>.debug_info</name>
         <load_address>0x55df</load_address>
         <run_address>0x55df</run_address>
         <size>0x52</size>
         <input_file_ref idref="fl-8"/>
      </object_component>
      <object_component id="oc-2b4">
         <name>.debug_info</name>
         <load_address>0x5631</load_address>
         <run_address>0x5631</run_address>
         <size>0x26c</size>
         <input_file_ref idref="fl-c"/>
      </object_component>
      <object_component id="oc-271">
         <name>.debug_info</name>
         <load_address>0x589d</load_address>
         <run_address>0x589d</run_address>
         <size>0x237</size>
         <input_file_ref idref="fl-c"/>
      </object_component>
      <object_component id="oc-277">
         <name>.debug_info</name>
         <load_address>0x5ad4</load_address>
         <run_address>0x5ad4</run_address>
         <size>0x22e</size>
         <input_file_ref idref="fl-c"/>
      </object_component>
      <object_component id="oc-26b">
         <name>.debug_info</name>
         <load_address>0x5d02</load_address>
         <run_address>0x5d02</run_address>
         <size>0x26d</size>
         <input_file_ref idref="fl-c"/>
      </object_component>
      <object_component id="oc-2a3">
         <name>.debug_info</name>
         <load_address>0x5f6f</load_address>
         <run_address>0x5f6f</run_address>
         <size>0x287</size>
         <input_file_ref idref="fl-e"/>
      </object_component>
      <object_component id="oc-265">
         <name>.debug_info</name>
         <load_address>0x61f6</load_address>
         <run_address>0x61f6</run_address>
         <size>0x1ba</size>
         <input_file_ref idref="fl-e"/>
      </object_component>
      <object_component id="oc-2ae">
         <name>.debug_info</name>
         <load_address>0x63b0</load_address>
         <run_address>0x63b0</run_address>
         <size>0x191</size>
         <input_file_ref idref="fl-f"/>
      </object_component>
      <object_component id="oc-8a">
         <name>.debug_info</name>
         <load_address>0x6541</load_address>
         <run_address>0x6541</run_address>
         <size>0xd6</size>
         <input_file_ref idref="fl-3e"/>
      </object_component>
      <object_component id="oc-66">
         <name>.debug_info</name>
         <load_address>0x6617</load_address>
         <run_address>0x6617</run_address>
         <size>0x177</size>
         <input_file_ref idref="fl-3f"/>
      </object_component>
      <object_component id="oc-99">
         <name>.debug_info</name>
         <load_address>0x678e</load_address>
         <run_address>0x678e</run_address>
         <size>0x193</size>
         <input_file_ref idref="fl-40"/>
      </object_component>
      <object_component id="oc-30">
         <name>.debug_info</name>
         <load_address>0x6921</load_address>
         <run_address>0x6921</run_address>
         <size>0x1c0</size>
         <input_file_ref idref="fl-40"/>
      </object_component>
      <object_component id="oc-94">
         <name>.debug_info</name>
         <load_address>0x6ae1</load_address>
         <run_address>0x6ae1</run_address>
         <size>0x46</size>
         <input_file_ref idref="fl-40"/>
      </object_component>
      <object_component id="oc-107">
         <name>.debug_info</name>
         <load_address>0x6b27</load_address>
         <run_address>0x6b27</run_address>
         <size>0x2c</size>
         <input_file_ref idref="fl-40"/>
      </object_component>
      <object_component id="oc-a1">
         <name>.debug_info</name>
         <load_address>0x6b53</load_address>
         <run_address>0x6b53</run_address>
         <size>0x155</size>
         <input_file_ref idref="fl-41"/>
      </object_component>
      <object_component id="oc-9d">
         <name>.debug_info</name>
         <load_address>0x6ca8</load_address>
         <run_address>0x6ca8</run_address>
         <size>0x21b</size>
         <input_file_ref idref="fl-41"/>
      </object_component>
      <object_component id="oc-39">
         <name>.debug_info</name>
         <load_address>0x6ec3</load_address>
         <run_address>0x6ec3</run_address>
         <size>0x192</size>
         <input_file_ref idref="fl-41"/>
      </object_component>
      <object_component id="oc-a2">
         <name>.debug_info</name>
         <load_address>0x7055</load_address>
         <run_address>0x7055</run_address>
         <size>0x39</size>
         <input_file_ref idref="fl-41"/>
      </object_component>
      <object_component id="oc-c4">
         <name>.debug_info</name>
         <load_address>0x708e</load_address>
         <run_address>0x708e</run_address>
         <size>0x14b</size>
         <input_file_ref idref="fl-42"/>
      </object_component>
      <object_component id="oc-4b">
         <name>.debug_info</name>
         <load_address>0x71d9</load_address>
         <run_address>0x71d9</run_address>
         <size>0x196</size>
         <input_file_ref idref="fl-42"/>
      </object_component>
      <object_component id="oc-bf">
         <name>.debug_info</name>
         <load_address>0x736f</load_address>
         <run_address>0x736f</run_address>
         <size>0x46</size>
         <input_file_ref idref="fl-42"/>
      </object_component>
      <object_component id="oc-102">
         <name>.debug_info</name>
         <load_address>0x73b5</load_address>
         <run_address>0x73b5</run_address>
         <size>0x2c</size>
         <input_file_ref idref="fl-42"/>
      </object_component>
      <object_component id="oc-24b">
         <name>.debug_info</name>
         <load_address>0x73e1</load_address>
         <run_address>0x73e1</run_address>
         <size>0x100</size>
         <input_file_ref idref="fl-43"/>
      </object_component>
      <object_component id="oc-10f">
         <name>.debug_info</name>
         <load_address>0x74e1</load_address>
         <run_address>0x74e1</run_address>
         <size>0x10b</size>
         <input_file_ref idref="fl-44"/>
      </object_component>
      <object_component id="oc-f1">
         <name>.debug_info</name>
         <load_address>0x75ec</load_address>
         <run_address>0x75ec</run_address>
         <size>0xf8</size>
         <input_file_ref idref="fl-45"/>
      </object_component>
      <object_component id="oc-aa">
         <name>.debug_info</name>
         <load_address>0x76e4</load_address>
         <run_address>0x76e4</run_address>
         <size>0xec</size>
         <input_file_ref idref="fl-50"/>
      </object_component>
      <object_component id="oc-101">
         <name>.debug_info</name>
         <load_address>0x77d0</load_address>
         <run_address>0x77d0</run_address>
         <size>0x14e</size>
         <input_file_ref idref="fl-53"/>
      </object_component>
      <object_component id="oc-90">
         <name>.debug_info</name>
         <load_address>0x791e</load_address>
         <run_address>0x791e</run_address>
         <size>0x172</size>
         <input_file_ref idref="fl-53"/>
      </object_component>
      <object_component id="oc-29c">
         <name>.debug_info</name>
         <load_address>0x7a90</load_address>
         <run_address>0x7a90</run_address>
         <size>0xfe</size>
         <input_file_ref idref="fl-55"/>
      </object_component>
      <object_component id="oc-c6">
         <name>.debug_info</name>
         <load_address>0x7b8e</load_address>
         <run_address>0x7b8e</run_address>
         <size>0x129</size>
         <input_file_ref idref="fl-56"/>
      </object_component>
      <object_component id="oc-123">
         <name>.debug_info</name>
         <load_address>0x7cb7</load_address>
         <run_address>0x7cb7</run_address>
         <size>0x2ca</size>
         <input_file_ref idref="fl-59"/>
      </object_component>
      <object_component id="oc-ce">
         <name>.debug_info</name>
         <load_address>0x7f81</load_address>
         <run_address>0x7f81</run_address>
         <size>0x17c</size>
         <input_file_ref idref="fl-59"/>
      </object_component>
      <object_component id="oc-180">
         <name>.debug_info</name>
         <load_address>0x80fd</load_address>
         <run_address>0x80fd</run_address>
         <size>0x39</size>
         <input_file_ref idref="fl-59"/>
      </object_component>
      <object_component id="oc-30e">
         <name>.debug_info</name>
         <load_address>0x8136</load_address>
         <run_address>0x8136</run_address>
         <size>0x9d</size>
      </object_component>
      <object_component id="oc-1fa">
         <name>.debug_line</name>
         <load_address>0x0</load_address>
         <run_address>0x0</run_address>
         <size>0xea</size>
         <input_file_ref idref="fl-2"/>
      </object_component>
      <object_component id="oc-2d2">
         <name>.debug_line</name>
         <load_address>0xea</load_address>
         <run_address>0xea</run_address>
         <size>0x2d</size>
         <input_file_ref idref="fl-2"/>
      </object_component>
      <object_component id="oc-1f8">
         <name>.debug_line</name>
         <load_address>0x117</load_address>
         <run_address>0x117</run_address>
         <size>0x2d</size>
         <input_file_ref idref="fl-2"/>
      </object_component>
      <object_component id="oc-139">
         <name>.debug_line</name>
         <load_address>0x144</load_address>
         <run_address>0x144</run_address>
         <size>0x4b</size>
         <input_file_ref idref="fl-2"/>
      </object_component>
      <object_component id="oc-13f">
         <name>.debug_line</name>
         <load_address>0x18f</load_address>
         <run_address>0x18f</run_address>
         <size>0x46</size>
         <input_file_ref idref="fl-2"/>
      </object_component>
      <object_component id="oc-145">
         <name>.debug_line</name>
         <load_address>0x1d5</load_address>
         <run_address>0x1d5</run_address>
         <size>0x43</size>
         <input_file_ref idref="fl-2"/>
      </object_component>
      <object_component id="oc-e9">
         <name>.debug_line</name>
         <load_address>0x218</load_address>
         <run_address>0x218</run_address>
         <size>0x5f</size>
         <input_file_ref idref="fl-2"/>
      </object_component>
      <object_component id="oc-2ab">
         <name>.debug_line</name>
         <load_address>0x277</load_address>
         <run_address>0x277</run_address>
         <size>0x69</size>
         <input_file_ref idref="fl-2"/>
      </object_component>
      <object_component id="oc-168">
         <name>.debug_line</name>
         <load_address>0x2e0</load_address>
         <run_address>0x2e0</run_address>
         <size>0x66</size>
         <input_file_ref idref="fl-2"/>
      </object_component>
      <object_component id="oc-172">
         <name>.debug_line</name>
         <load_address>0x346</load_address>
         <run_address>0x346</run_address>
         <size>0x61</size>
         <input_file_ref idref="fl-2"/>
      </object_component>
      <object_component id="oc-16d">
         <name>.debug_line</name>
         <load_address>0x3a7</load_address>
         <run_address>0x3a7</run_address>
         <size>0x65</size>
         <input_file_ref idref="fl-2"/>
      </object_component>
      <object_component id="oc-1fe">
         <name>.debug_line</name>
         <load_address>0x40c</load_address>
         <run_address>0x40c</run_address>
         <size>0x2d</size>
         <input_file_ref idref="fl-2"/>
      </object_component>
      <object_component id="oc-fe">
         <name>.debug_line</name>
         <load_address>0x439</load_address>
         <run_address>0x439</run_address>
         <size>0x20</size>
         <input_file_ref idref="fl-2"/>
      </object_component>
      <object_component id="oc-177">
         <name>.debug_line</name>
         <load_address>0x459</load_address>
         <run_address>0x459</run_address>
         <size>0x60</size>
         <input_file_ref idref="fl-2"/>
      </object_component>
      <object_component id="oc-2c0">
         <name>.debug_line</name>
         <load_address>0x4b9</load_address>
         <run_address>0x4b9</run_address>
         <size>0x20</size>
         <input_file_ref idref="fl-3"/>
      </object_component>
      <object_component id="oc-2bc">
         <name>.debug_line</name>
         <load_address>0x4d9</load_address>
         <run_address>0x4d9</run_address>
         <size>0x39</size>
         <input_file_ref idref="fl-3"/>
      </object_component>
      <object_component id="oc-2be">
         <name>.debug_line</name>
         <load_address>0x512</load_address>
         <run_address>0x512</run_address>
         <size>0x39</size>
         <input_file_ref idref="fl-3"/>
      </object_component>
      <object_component id="oc-22e">
         <name>.debug_line</name>
         <load_address>0x54b</load_address>
         <run_address>0x54b</run_address>
         <size>0x58</size>
         <input_file_ref idref="fl-3"/>
      </object_component>
      <object_component id="oc-27f">
         <name>.debug_line</name>
         <load_address>0x5a3</load_address>
         <run_address>0x5a3</run_address>
         <size>0xd7</size>
         <input_file_ref idref="fl-4"/>
      </object_component>
      <object_component id="oc-1c9">
         <name>.debug_line</name>
         <load_address>0x67a</load_address>
         <run_address>0x67a</run_address>
         <size>0x61</size>
         <input_file_ref idref="fl-4"/>
      </object_component>
      <object_component id="oc-1cf">
         <name>.debug_line</name>
         <load_address>0x6db</load_address>
         <run_address>0x6db</run_address>
         <size>0x59</size>
         <input_file_ref idref="fl-4"/>
      </object_component>
      <object_component id="oc-1c3">
         <name>.debug_line</name>
         <load_address>0x734</load_address>
         <run_address>0x734</run_address>
         <size>0x68</size>
         <input_file_ref idref="fl-4"/>
      </object_component>
      <object_component id="oc-1ad">
         <name>.debug_line</name>
         <load_address>0x79c</load_address>
         <run_address>0x79c</run_address>
         <size>0x4f</size>
         <input_file_ref idref="fl-4"/>
      </object_component>
      <object_component id="oc-1a6">
         <name>.debug_line</name>
         <load_address>0x7eb</load_address>
         <run_address>0x7eb</run_address>
         <size>0x50</size>
         <input_file_ref idref="fl-4"/>
      </object_component>
      <object_component id="oc-1b4">
         <name>.debug_line</name>
         <load_address>0x83b</load_address>
         <run_address>0x83b</run_address>
         <size>0x6c</size>
         <input_file_ref idref="fl-4"/>
      </object_component>
      <object_component id="oc-1bb">
         <name>.debug_line</name>
         <load_address>0x8a7</load_address>
         <run_address>0x8a7</run_address>
         <size>0x67</size>
         <input_file_ref idref="fl-4"/>
      </object_component>
      <object_component id="oc-1d5">
         <name>.debug_line</name>
         <load_address>0x90e</load_address>
         <run_address>0x90e</run_address>
         <size>0x61</size>
         <input_file_ref idref="fl-4"/>
      </object_component>
      <object_component id="oc-17c">
         <name>.debug_line</name>
         <load_address>0x96f</load_address>
         <run_address>0x96f</run_address>
         <size>0x66</size>
         <input_file_ref idref="fl-4"/>
      </object_component>
      <object_component id="oc-283">
         <name>.debug_line</name>
         <load_address>0x9d5</load_address>
         <run_address>0x9d5</run_address>
         <size>0x39</size>
         <input_file_ref idref="fl-4"/>
      </object_component>
      <object_component id="oc-2c7">
         <name>.debug_line</name>
         <load_address>0xa0e</load_address>
         <run_address>0xa0e</run_address>
         <size>0x63</size>
         <input_file_ref idref="fl-4"/>
      </object_component>
      <object_component id="oc-2a1">
         <name>.debug_line</name>
         <load_address>0xa71</load_address>
         <run_address>0xa71</run_address>
         <size>0x3e</size>
         <input_file_ref idref="fl-5"/>
      </object_component>
      <object_component id="oc-1f0">
         <name>.debug_line</name>
         <load_address>0xaaf</load_address>
         <run_address>0xaaf</run_address>
         <size>0x50</size>
         <input_file_ref idref="fl-5"/>
      </object_component>
      <object_component id="oc-1db">
         <name>.debug_line</name>
         <load_address>0xaff</load_address>
         <run_address>0xaff</run_address>
         <size>0x4f</size>
         <input_file_ref idref="fl-5"/>
      </object_component>
      <object_component id="oc-1e7">
         <name>.debug_line</name>
         <load_address>0xb4e</load_address>
         <run_address>0xb4e</run_address>
         <size>0x56</size>
         <input_file_ref idref="fl-5"/>
      </object_component>
      <object_component id="oc-2ba">
         <name>.debug_line</name>
         <load_address>0xba4</load_address>
         <run_address>0xba4</run_address>
         <size>0xe1</size>
         <input_file_ref idref="fl-6"/>
      </object_component>
      <object_component id="oc-2b8">
         <name>.debug_line</name>
         <load_address>0xc85</load_address>
         <run_address>0xc85</run_address>
         <size>0x3f</size>
         <input_file_ref idref="fl-6"/>
      </object_component>
      <object_component id="oc-240">
         <name>.debug_line</name>
         <load_address>0xcc4</load_address>
         <run_address>0xcc4</run_address>
         <size>0x58</size>
         <input_file_ref idref="fl-6"/>
      </object_component>
      <object_component id="oc-248">
         <name>.debug_line</name>
         <load_address>0xd1c</load_address>
         <run_address>0xd1c</run_address>
         <size>0x88</size>
         <input_file_ref idref="fl-6"/>
      </object_component>
      <object_component id="oc-239">
         <name>.debug_line</name>
         <load_address>0xda4</load_address>
         <run_address>0xda4</run_address>
         <size>0x57</size>
         <input_file_ref idref="fl-6"/>
      </object_component>
      <object_component id="oc-20b">
         <name>.debug_line</name>
         <load_address>0xdfb</load_address>
         <run_address>0xdfb</run_address>
         <size>0x58</size>
         <input_file_ref idref="fl-6"/>
      </object_component>
      <object_component id="oc-21e">
         <name>.debug_line</name>
         <load_address>0xe53</load_address>
         <run_address>0xe53</run_address>
         <size>0x55</size>
         <input_file_ref idref="fl-6"/>
      </object_component>
      <object_component id="oc-212">
         <name>.debug_line</name>
         <load_address>0xea8</load_address>
         <run_address>0xea8</run_address>
         <size>0x69</size>
         <input_file_ref idref="fl-6"/>
      </object_component>
      <object_component id="oc-b0">
         <name>.debug_line</name>
         <load_address>0xf11</load_address>
         <run_address>0xf11</run_address>
         <size>0x52</size>
         <input_file_ref idref="fl-6"/>
      </object_component>
      <object_component id="oc-b6">
         <name>.debug_line</name>
         <load_address>0xf63</load_address>
         <run_address>0xf63</run_address>
         <size>0x52</size>
         <input_file_ref idref="fl-6"/>
      </object_component>
      <object_component id="oc-253">
         <name>.debug_line</name>
         <load_address>0xfb5</load_address>
         <run_address>0xfb5</run_address>
         <size>0x65</size>
         <input_file_ref idref="fl-7"/>
      </object_component>
      <object_component id="oc-218">
         <name>.debug_line</name>
         <load_address>0x101a</load_address>
         <run_address>0x101a</run_address>
         <size>0x53</size>
         <input_file_ref idref="fl-7"/>
      </object_component>
      <object_component id="oc-225">
         <name>.debug_line</name>
         <load_address>0x106d</load_address>
         <run_address>0x106d</run_address>
         <size>0x52</size>
         <input_file_ref idref="fl-7"/>
      </object_component>
      <object_component id="oc-bc">
         <name>.debug_line</name>
         <load_address>0x10bf</load_address>
         <run_address>0x10bf</run_address>
         <size>0x51</size>
         <input_file_ref idref="fl-7"/>
      </object_component>
      <object_component id="oc-164">
         <name>.debug_line</name>
         <load_address>0x1110</load_address>
         <run_address>0x1110</run_address>
         <size>0x13c</size>
         <input_file_ref idref="fl-8"/>
      </object_component>
      <object_component id="oc-25b">
         <name>.debug_line</name>
         <load_address>0x124c</load_address>
         <run_address>0x124c</run_address>
         <size>0x32</size>
         <input_file_ref idref="fl-8"/>
      </object_component>
      <object_component id="oc-27d">
         <name>.debug_line</name>
         <load_address>0x127e</load_address>
         <run_address>0x127e</run_address>
         <size>0x32</size>
         <input_file_ref idref="fl-8"/>
      </object_component>
      <object_component id="oc-157">
         <name>.debug_line</name>
         <load_address>0x12b0</load_address>
         <run_address>0x12b0</run_address>
         <size>0x7b</size>
         <input_file_ref idref="fl-8"/>
      </object_component>
      <object_component id="oc-14b">
         <name>.debug_line</name>
         <load_address>0x132b</load_address>
         <run_address>0x132b</run_address>
         <size>0x6f</size>
         <input_file_ref idref="fl-8"/>
      </object_component>
      <object_component id="oc-151">
         <name>.debug_line</name>
         <load_address>0x139a</load_address>
         <run_address>0x139a</run_address>
         <size>0x4d</size>
         <input_file_ref idref="fl-8"/>
      </object_component>
      <object_component id="oc-25f">
         <name>.debug_line</name>
         <load_address>0x13e7</load_address>
         <run_address>0x13e7</run_address>
         <size>0x32</size>
         <input_file_ref idref="fl-8"/>
      </object_component>
      <object_component id="oc-2d0">
         <name>.debug_line</name>
         <load_address>0x1419</load_address>
         <run_address>0x1419</run_address>
         <size>0x88</size>
         <input_file_ref idref="fl-c"/>
      </object_component>
      <object_component id="oc-274">
         <name>.debug_line</name>
         <load_address>0x14a1</load_address>
         <run_address>0x14a1</run_address>
         <size>0x78</size>
         <input_file_ref idref="fl-c"/>
      </object_component>
      <object_component id="oc-27a">
         <name>.debug_line</name>
         <load_address>0x1519</load_address>
         <run_address>0x1519</run_address>
         <size>0x6a</size>
         <input_file_ref idref="fl-c"/>
      </object_component>
      <object_component id="oc-26e">
         <name>.debug_line</name>
         <load_address>0x1583</load_address>
         <run_address>0x1583</run_address>
         <size>0x7d</size>
         <input_file_ref idref="fl-c"/>
      </object_component>
      <object_component id="oc-2c3">
         <name>.debug_line</name>
         <load_address>0x1600</load_address>
         <run_address>0x1600</run_address>
         <size>0x88</size>
         <input_file_ref idref="fl-e"/>
      </object_component>
      <object_component id="oc-268">
         <name>.debug_line</name>
         <load_address>0x1688</load_address>
         <run_address>0x1688</run_address>
         <size>0x5a</size>
         <input_file_ref idref="fl-e"/>
      </object_component>
      <object_component id="oc-2b1">
         <name>.debug_line</name>
         <load_address>0x16e2</load_address>
         <run_address>0x16e2</run_address>
         <size>0x5a</size>
         <input_file_ref idref="fl-f"/>
      </object_component>
      <object_component id="oc-fa">
         <name>.debug_line</name>
         <load_address>0x173c</load_address>
         <run_address>0x173c</run_address>
         <size>0x2a</size>
         <input_file_ref idref="fl-3e"/>
      </object_component>
      <object_component id="oc-69">
         <name>.debug_line</name>
         <load_address>0x1766</load_address>
         <run_address>0x1766</run_address>
         <size>0x4c</size>
         <input_file_ref idref="fl-3f"/>
      </object_component>
      <object_component id="oc-10d">
         <name>.debug_line</name>
         <load_address>0x17b2</load_address>
         <run_address>0x17b2</run_address>
         <size>0x80</size>
         <input_file_ref idref="fl-40"/>
      </object_component>
      <object_component id="oc-33">
         <name>.debug_line</name>
         <load_address>0x1832</load_address>
         <run_address>0x1832</run_address>
         <size>0x50</size>
         <input_file_ref idref="fl-40"/>
      </object_component>
      <object_component id="oc-97">
         <name>.debug_line</name>
         <load_address>0x1882</load_address>
         <run_address>0x1882</run_address>
         <size>0x3a</size>
         <input_file_ref idref="fl-40"/>
      </object_component>
      <object_component id="oc-10a">
         <name>.debug_line</name>
         <load_address>0x18bc</load_address>
         <run_address>0x18bc</run_address>
         <size>0x80</size>
         <input_file_ref idref="fl-40"/>
      </object_component>
      <object_component id="oc-115">
         <name>.debug_line</name>
         <load_address>0x193c</load_address>
         <run_address>0x193c</run_address>
         <size>0x20</size>
         <input_file_ref idref="fl-41"/>
      </object_component>
      <object_component id="oc-9f">
         <name>.debug_line</name>
         <load_address>0x195c</load_address>
         <run_address>0x195c</run_address>
         <size>0x87</size>
         <input_file_ref idref="fl-41"/>
      </object_component>
      <object_component id="oc-37">
         <name>.debug_line</name>
         <load_address>0x19e3</load_address>
         <run_address>0x19e3</run_address>
         <size>0x49</size>
         <input_file_ref idref="fl-41"/>
      </object_component>
      <object_component id="oc-a5">
         <name>.debug_line</name>
         <load_address>0x1a2c</load_address>
         <run_address>0x1a2c</run_address>
         <size>0x39</size>
         <input_file_ref idref="fl-41"/>
      </object_component>
      <object_component id="oc-120">
         <name>.debug_line</name>
         <load_address>0x1a65</load_address>
         <run_address>0x1a65</run_address>
         <size>0x20</size>
         <input_file_ref idref="fl-42"/>
      </object_component>
      <object_component id="oc-4a">
         <name>.debug_line</name>
         <load_address>0x1a85</load_address>
         <run_address>0x1a85</run_address>
         <size>0x4d</size>
         <input_file_ref idref="fl-42"/>
      </object_component>
      <object_component id="oc-c2">
         <name>.debug_line</name>
         <load_address>0x1ad2</load_address>
         <run_address>0x1ad2</run_address>
         <size>0x34</size>
         <input_file_ref idref="fl-42"/>
      </object_component>
      <object_component id="oc-105">
         <name>.debug_line</name>
         <load_address>0x1b06</load_address>
         <run_address>0x1b06</run_address>
         <size>0x80</size>
         <input_file_ref idref="fl-42"/>
      </object_component>
      <object_component id="oc-24e">
         <name>.debug_line</name>
         <load_address>0x1b86</load_address>
         <run_address>0x1b86</run_address>
         <size>0x64</size>
         <input_file_ref idref="fl-43"/>
      </object_component>
      <object_component id="oc-112">
         <name>.debug_line</name>
         <load_address>0x1bea</load_address>
         <run_address>0x1bea</run_address>
         <size>0x40</size>
         <input_file_ref idref="fl-44"/>
      </object_component>
      <object_component id="oc-ee">
         <name>.debug_line</name>
         <load_address>0x1c2a</load_address>
         <run_address>0x1c2a</run_address>
         <size>0x3a</size>
         <input_file_ref idref="fl-45"/>
      </object_component>
      <object_component id="oc-a9">
         <name>.debug_line</name>
         <load_address>0x1c64</load_address>
         <run_address>0x1c64</run_address>
         <size>0x3c</size>
         <input_file_ref idref="fl-50"/>
      </object_component>
      <object_component id="oc-161">
         <name>.debug_line</name>
         <load_address>0x1ca0</load_address>
         <run_address>0x1ca0</run_address>
         <size>0x20</size>
         <input_file_ref idref="fl-53"/>
      </object_component>
      <object_component id="oc-8e">
         <name>.debug_line</name>
         <load_address>0x1cc0</load_address>
         <run_address>0x1cc0</run_address>
         <size>0x45</size>
         <input_file_ref idref="fl-53"/>
      </object_component>
      <object_component id="oc-29b">
         <name>.debug_line</name>
         <load_address>0x1d05</load_address>
         <run_address>0x1d05</run_address>
         <size>0x4b</size>
         <input_file_ref idref="fl-55"/>
      </object_component>
      <object_component id="oc-c9">
         <name>.debug_line</name>
         <load_address>0x1d50</load_address>
         <run_address>0x1d50</run_address>
         <size>0x3e</size>
         <input_file_ref idref="fl-56"/>
      </object_component>
      <object_component id="oc-17f">
         <name>.debug_line</name>
         <load_address>0x1d8e</load_address>
         <run_address>0x1d8e</run_address>
         <size>0x2e</size>
         <input_file_ref idref="fl-59"/>
      </object_component>
      <object_component id="oc-d0">
         <name>.debug_line</name>
         <load_address>0x1dbc</load_address>
         <run_address>0x1dbc</run_address>
         <size>0x7b</size>
         <input_file_ref idref="fl-59"/>
      </object_component>
      <object_component id="oc-183">
         <name>.debug_line</name>
         <load_address>0x1e37</load_address>
         <run_address>0x1e37</run_address>
         <size>0x2e</size>
         <input_file_ref idref="fl-59"/>
      </object_component>
      <object_component id="oc-13a">
         <name>.debug_frame</name>
         <load_address>0x0</load_address>
         <run_address>0x0</run_address>
         <size>0x47</size>
         <input_file_ref idref="fl-2"/>
      </object_component>
      <object_component id="oc-140">
         <name>.debug_frame</name>
         <load_address>0x47</load_address>
         <run_address>0x47</run_address>
         <size>0x47</size>
         <input_file_ref idref="fl-2"/>
      </object_component>
      <object_component id="oc-146">
         <name>.debug_frame</name>
         <load_address>0x8e</load_address>
         <run_address>0x8e</run_address>
         <size>0x47</size>
         <input_file_ref idref="fl-2"/>
      </object_component>
      <object_component id="oc-ea">
         <name>.debug_frame</name>
         <load_address>0xd5</load_address>
         <run_address>0xd5</run_address>
         <size>0x4d</size>
         <input_file_ref idref="fl-2"/>
      </object_component>
      <object_component id="oc-2ac">
         <name>.debug_frame</name>
         <load_address>0x122</load_address>
         <run_address>0x122</run_address>
         <size>0x50</size>
         <input_file_ref idref="fl-2"/>
      </object_component>
      <object_component id="oc-22f">
         <name>.debug_frame</name>
         <load_address>0x172</load_address>
         <run_address>0x172</run_address>
         <size>0x47</size>
         <input_file_ref idref="fl-3"/>
      </object_component>
      <object_component id="oc-1ca">
         <name>.debug_frame</name>
         <load_address>0x1b9</load_address>
[...]
         <value>0x2d</value>
      </symbol>
      <symbol id="sm-25">
         <name>P2SEL</name>
         <value>0x2e</value>
      </symbol>
      <symbol id="sm-26">
         <name>P2SEL2</name>
         <value>0x42</value>
      </symbol>
      <symbol id="sm-27">
         <name>P2REN</name>
         <value>0x2f</value>
      </symbol>
      <symbol id="sm-28">
         <name>P3IN</name>
         <value>0x18</value>
      </symbol>
      <symbol id="sm-29">
         <name>P3OUT</name>
         <value>0x19</value>
      </symbol>
      <symbol id="sm-2a">
         <name>P3DIR</name>
         <value>0x1a</value>
      </symbol>
      <symbol id="sm-2b">
         <name>P3SEL</name>
         <value>0x1b</value>
      </symbol>
      <symbol id="sm-2c">
         <name>P3SEL2</name>
         <value>0x43</value>
      </symbol>
      <symbol id="sm-2d">
         <name>P3REN</name>
         <value>0x10</value>
      </symbol>
      <symbol id="sm-2e">
         <name>TA0IV</name>
         <value>0x12e</value>
      </symbol>
      <symbol id="sm-2f">
         <name>TA0CTL</name>
         <value>0x160</value>
      </symbol>
      <symbol id="sm-30">
         <name>TA0CCTL0</name>
         <value>0x162</value>
      </symbol>
      <symbol id="sm-31">
         <name>TA0CCTL1</name>
         <value>0x164</value>
      </symbol>
      <symbol id="sm-32">
         <name>TA0CCTL2</name>
         <value>0x166</value>
      </symbol>
      <symbol id="sm-33">
         <name>TA0R</name>
         <value>0x170</value>
      </symbol>
      <symbol id="sm-34">
         <name>TA0CCR0</name>
         <value>0x172</value>
      </symbol>
      <symbol id="sm-35">
         <name>TA0CCR1</name>
         <value>0x174</value>
      </symbol>
      <symbol id="sm-36">
         <name>TA0CCR2</name>
         <value>0x176</value>
      </symbol>
      <symbol id="sm-37">
         <name>TA1IV</name>
         <value>0x11e</value>
      </symbol>
      <symbol id="sm-38">
         <name>TA1CTL</name>
         <value>0x180</value>
      </symbol>
      <symbol id="sm-39">
         <name>TA1CCTL0</name>
         <value>0x182</value>
      </symbol>
      <symbol id="sm-3a">
         <name>TA1CCTL1</name>
         <value>0x184</value>
      </symbol>
      <symbol id="sm-3b">
         <name>TA1CCTL2</name>
         <value>0x186</value>
      </symbol>
      <symbol id="sm-3c">
         <name>TA1R</name>
         <value>0x190</value>
      </symbol>
      <symbol id="sm-3d">
         <name>TA1CCR0</name>
         <value>0x192</value>
      </symbol>
      <symbol id="sm-3e">
         <name>TA1CCR1</name>
         <value>0x194</value>
      </symbol>
      <symbol id="sm-3f">
         <name>TA1CCR2</name>
         <value>0x196</value>
      </symbol>
      <symbol id="sm-40">
         <name>UCA0CTL0</name>
         <value>0x60</value>
      </symbol>
      <symbol id="sm-41">
         <name>UCA0CTL1</name>
         <value>0x61</value>
      </symbol>
      <symbol id="sm-42">
         <name>UCA0BR0</name>
         <value>0x62</value>
      </symbol>
      <symbol id="sm-43">
         <name>UCA0BR1</name>
         <value>0x63</value>
      </symbol>
      <symbol id="sm-44">
         <name>UCA0MCTL</name>
         <value>0x64</value>
      </symbol>
      <symbol id="sm-45">
         <name>UCA0STAT</name>
         <value>0x65</value>
      </symbol>
      <symbol id="sm-46">
         <name>UCA0RXBUF</name>
         <value>0x66</value>
      </symbol>
      <symbol id="sm-47">
         <name>UCA0TXBUF</name>
         <value>0x67</value>
      </symbol>
      <symbol id="sm-48">
         <name>UCA0ABCTL</name>
         <value>0x5d</value>
      </symbol>
      <symbol id="sm-49">
         <name>UCA0IRTCTL</name>
         <value>0x5e</value>
      </symbol>
      <symbol id="sm-4a">
         <name>UCA0IRRCTL</name>
         <value>0x5f</value>
      </symbol>
      <symbol id="sm-4b">
         <name>UCB0CTL0</name>
         <value>0x68</value>
      </symbol>
      <symbol id="sm-4c">
         <name>UCB0CTL1</name>
         <value>0x69</value>
      </symbol>
      <symbol id="sm-4d">
         <name>UCB0BR0</name>
         <value>0x6a</value>
      </symbol>
      <symbol id="sm-4e">
         <name>UCB0BR1</name>
         <value>0x6b</value>
      </symbol>
      <symbol id="sm-4f">
         <name>UCB0I2CIE</name>
         <value>0x6c</value>
      </symbol>
      <symbol id="sm-50">
         <name>UCB0STAT</name>
         <value>0x6d</value>
      </symbol>
      <symbol id="sm-51">
         <name>UCB0RXBUF</name>
         <value>0x6e</value>
      </symbol>
      <symbol id="sm-52">
         <name>UCB0TXBUF</name>
         <value>0x6f</value>
      </symbol>
      <symbol id="sm-53">
         <name>UCB0I2COA</name>
         <value>0x118</value>
      </symbol>
      <symbol id="sm-54">
         <name>UCB0I2CSA</name>
         <value>0x11a</value>
      </symbol>
      <symbol id="sm-55">
         <name>WDTCTL</name>
         <value>0x120</value>
      </symbol>
      <symbol id="sm-56">
         <name>CALDCO_16MHZ</name>
         <value>0x10f8</value>
      </symbol>
      <symbol id="sm-57">
         <name>CALBC1_16MHZ</name>
         <value>0x10f9</value>
      </symbol>
      <symbol id="sm-58">
         <name>CALDCO_12MHZ</name>
         <value>0x10fa</value>
      </symbol>
      <symbol id="sm-59">
         <name>CALBC1_12MHZ</name>
         <value>0x10fb</value>
      </symbol>
      <symbol id="sm-5a">
         <name>CALDCO_8MHZ</name>
         <value>0x10fc</value>
      </symbol>
      <symbol id="sm-5b">
         <name>CALBC1_8MHZ</name>
         <value>0x10fd</value>
      </symbol>
      <symbol id="sm-5c">
         <name>CALDCO_1MHZ</name>
         <value>0x10fe</value>
      </symbol>
      <symbol id="sm-5d">
         <name>CALBC1_1MHZ</name>
         <value>0x10ff</value>
      </symbol>
      <symbol id="sm-5e">
         <name>TLV_CHECKSUM</name>
         <value>0x10c0</value>
      </symbol>
      <symbol id="sm-5f">
         <name>TLV_DCO_30_TAG</name>
         <value>0x10f6</value>
      </symbol>
      <symbol id="sm-60">
         <name>TLV_DCO_30_LEN</name>
         <value>0x10f7</value>
      </symbol>
      <symbol id="sm-61">
         <name>TLV_ADC10_1_TAG</name>
         <value>0x10da</value>
      </symbol>
      <symbol id="sm-62">
         <name>TLV_ADC10_1_LEN</name>
         <value>0x10db</value>
      </symbol>
      <symbol id="sm-63">
         <name>__TI_CINIT_Base</name>
         <value>0xcc26</value>
      </symbol>
      <symbol id="sm-64">
         <name>__TI_CINIT_Limit</name>
         <value>0xcc2e</value>
      </symbol>
      <symbol id="sm-65">
         <name>__TI_Handler_Table_Base</name>
         <value>0xcc1c</value>
      </symbol>
      <symbol id="sm-66">
         <name>__TI_Handler_Table_Limit</name>
         <value>0xcc22</value>
      </symbol>
      <symbol id="sm-67">
         <name>binit</name>
         <value>0xffffffff</value>
      </symbol>
      <symbol id="sm-68">
         <name>__binit__</name>
         <value>0xffffffff</value>
      </symbol>
      <symbol id="sm-69">
         <name>__STACK_SIZE</name>
         <value>0x50</value>
      </symbol>
      <symbol id="sm-6a">
         <name>__STACK_END</name>
         <value>0x400</value>
      </symbol>
      <symbol id="sm-6b">
         <name>__c_args__</name>
         <value>0xffffffff</value>
      </symbol>
      <symbol id="sm-f5">
         <name>config_clk</name>
         <value>0xc718</value>
         <object_component_ref idref="oc-135"/>
      </symbol>
      <symbol id="sm-f6">
         <name>config_io</name>
         <value>0xc88c</value>
         <object_component_ref idref="oc-13b"/>
      </symbol>
      <symbol id="sm-f7">
         <name>main</name>
         <value>0xc0ca</value>
         <object_component_ref idref="oc-e5"/>
      </symbol>
      <symbol id="sm-f8">
         <name>config_AD</name>
         <value>0xc99a</value>
         <object_component_ref idref="oc-141"/>
      </symbol>
      <symbol id="sm-f9">
         <name>eMBRegHoldingCB</name>
         <value>0xc3a6</value>
         <object_component_ref idref="oc-2a7"/>
      </symbol>
      <symbol id="sm-113">
         <name>usMBCRC16</name>
         <value>0xc77a</value>
         <object_component_ref idref="oc-22a"/>
      </symbol>
      <symbol id="sm-17a">
         <name>ucRTUBuf</name>
         <value>0x200</value>
      </symbol>
      <symbol id="sm-17b">
         <name>eMBRTUSend</name>
         <value>0xc1e8</value>
         <object_component_ref idref="oc-1b0"/>
      </symbol>
      <symbol id="sm-17c">
         <name>eMBRTUStart</name>
         <value>0xc8d8</value>
         <object_component_ref idref="oc-1a2"/>
      </symbol>
      <symbol id="sm-17d">
         <name>eMBRTUReceive</name>
         <value>0xc53e</value>
         <object_component_ref idref="oc-1b7"/>
      </symbol>
      <symbol id="sm-17e">
         <name>eMBRTUStop</name>
         <value>0xc91c</value>
         <object_component_ref idref="oc-1a9"/>
      </symbol>
      <symbol id="sm-17f">
         <name>xMBRTUTimerT35Expired</name>
         <value>0xc7a6</value>
         <object_component_ref idref="oc-1cb"/>
      </symbol>
      <symbol id="sm-180">
         <name>xMBRTUTransmitFSM</name>
         <value>0xc64a</value>
         <object_component_ref idref="oc-1c5"/>
      </symbol>
      <symbol id="sm-181">
         <name>xMBRTUReceiveFSM</name>
         <value>0xc4dc</value>
         <object_component_ref idref="oc-1bf"/>
      </symbol>
      <symbol id="sm-182">
         <name>eMBRTUInit</name>
         <value>0xc33a</value>
         <object_component_ref idref="oc-1d1"/>
      </symbol>
      <symbol id="sm-1a0">
         <name>xMBPortEventPost</name>
         <value>0xc9c4</value>
         <object_component_ref idref="oc-1ec"/>
      </symbol>
      <symbol id="sm-1a1">
         <name>xMBPortEventInit</name>
         <value>0xc9da</value>
         <object_component_ref idref="oc-1d7"/>
      </symbol>
      <symbol id="sm-1a2">
         <name>xMBPortEventGet</name>
         <value>0xc8f0</value>
         <object_component_ref idref="oc-1e3"/>
      </symbol>
      <symbol id="sm-1f2">
         <name>vMBPortSerialEnable</name>
         <value>0xc74a</value>
         <object_component_ref idref="oc-20e"/>
      </symbol>
      <symbol id="sm-1f3">
         <name>__TI_int06</name>
         <value>0xffec</value>
         <object_component_ref idref="oc-3e"/>
      </symbol>
      <symbol id="sm-1f4">
         <name>__TI_int07</name>
         <value>0xffee</value>
         <object_component_ref idref="oc-3f"/>
      </symbol>
      <symbol id="sm-1f5">
         <name>EnterCriticalSection</name>
         <value>0xc97a</value>
         <object_component_ref idref="oc-207"/>
      </symbol>
      <symbol id="sm-1f6">
         <name>ucCriticalNesting</name>
         <value>0x2c1</value>
         <object_component_ref idref="oc-285"/>
      </symbol>
      <symbol id="sm-1f7">
         <name>xMBPortSerialInit</name>
         <value>0xc2cc</value>
         <object_component_ref idref="oc-244"/>
      </symbol>
      <symbol id="sm-1f8">
         <name>xMBPortSerialGetByte</name>
         <value>0xc930</value>
         <object_component_ref idref="oc-235"/>
      </symbol>
      <symbol id="sm-1f9">
         <name>xMBPortSerialPutByte</name>
         <value>0xc9b6</value>
         <object_component_ref idref="oc-23c"/>
      </symbol>
      <symbol id="sm-1fa">
         <name>ucGIEWasEnabled</name>
         <value>0x2c0</value>
         <object_component_ref idref="oc-285"/>
      </symbol>
      <symbol id="sm-1fb">
         <name>ExitCriticalSection</name>
         <value>0xc9d0</value>
         <object_component_ref idref="oc-21a"/>
      </symbol>
      <symbol id="sm-1fc">
         <name>USCI0TX_ISR_HOOK</name>
         <value>0xc858</value>
         <object_component_ref idref="oc-ac"/>
      </symbol>
      <symbol id="sm-1fd">
         <name>USCI0RX_ISR_HOOK</name>
         <value>0xc83e</value>
         <object_component_ref idref="oc-b2"/>
      </symbol>
      <symbol id="sm-220">
         <name>__TI_int09</name>
         <value>0xfff2</value>
         <object_component_ref idref="oc-41"/>
      </symbol>
      <symbol id="sm-221">
         <name>xMBPortTimersInit</name>
         <value>0xc69a</value>
         <object_component_ref idref="oc-24f"/>
      </symbol>
      <symbol id="sm-222">
         <name>vMBPortTimersEnable</name>
         <value>0xc968</value>
         <object_component_ref idref="oc-214"/>
      </symbol>
      <symbol id="sm-223">
         <name>prvvMBTimerIRQHandler</name>
         <value>0xc8a6</value>
         <object_component_ref idref="oc-b8"/>
      </symbol>
      <symbol id="sm-224">
         <name>vMBPortTimersDisable</name>
         <value>0xc9a8</value>
         <object_component_ref idref="oc-221"/>
      </symbol>
      <symbol id="sm-269">
         <name>pxMBFrameCBByteReceived</name>
         <value>0x28c</value>
      </symbol>
      <symbol id="sm-26a">
         <name>pxMBFrameCBTransmitterEmpty</name>
         <value>0x28e</value>
      </symbol>
      <symbol id="sm-26b">
         <name>pxMBPortCBTimerExpired</name>
         <value>0x290</value>
      </symbol>
      <symbol id="sm-26c">
         <name>eMBInit</name>
         <value>0xc160</value>
         <object_component_ref idref="oc-147"/>
      </symbol>
      <symbol id="sm-26d">
         <name>eMBEnable</name>
         <value>0xc8c0</value>
         <object_component_ref idref="oc-14d"/>
      </symbol>
      <symbol id="sm-26e">
         <name>eMBPoll</name>
         <value>0xc000</value>
         <object_component_ref idref="oc-153"/>
      </symbol>
      <symbol id="sm-292">
         <name>eMBFuncReadHoldingRegister</name>
         <value>0xc25e</value>
         <object_component_ref idref="oc-26a"/>
      </symbol>
      <symbol id="sm-293">
         <name>eMBFuncWriteMultipleHoldingRegister</name>
         <value>0xc412</value>
         <object_component_ref idref="oc-270"/>
      </symbol>
      <symbol id="sm-294">
         <name>eMBFuncWriteHoldingRegister</name>
         <value>0xc6e0</value>
         <object_component_ref idref="oc-276"/>
      </symbol>
      <symbol id="sm-2a4">
         <name>eMBFuncReportSlaveID</name>
         <value>0xc7d2</value>
         <object_component_ref idref="oc-264"/>
      </symbol>
      <symbol id="sm-2b0">
         <name>prveMBError2Exception</name>
         <value>0xc81e</value>
         <object_component_ref idref="oc-2ad"/>
      </symbol>
      <symbol id="sm-2b9">
         <name>_stack</name>
         <value>0x3b0</value>
         <object_component_ref idref="oc-89"/>
      </symbol>
      <symbol id="sm-2ba">
         <name>_reset_vector</name>
         <value>0xfffe</value>
         <object_component_ref idref="oc-8c"/>
      </symbol>
      <symbol id="sm-2c5">
         <name>_c_int00_noargs_noexit</name>
         <value>0xc872</value>
         <object_component_ref idref="oc-65"/>
      </symbol>
      <symbol id="sm-2db">
         <name>__TI_decompress_none</name>
         <value>0xc944</value>
         <object_component_ref idref="oc-2f"/>
      </symbol>
      <symbol id="sm-2fd">
         <name>__TI_decompress_rle24</name>
         <value>0xc9e8</value>
         <object_component_ref idref="oc-35"/>
      </symbol>
      <symbol id="sm-315">
         <name>__TI_zero_init</name>
         <value>0xc908</value>
         <object_component_ref idref="oc-47"/>
      </symbol>
      <symbol id="sm-324">
         <name>__mspabi_remul</name>
         <value>0xc5f2</value>
         <object_component_ref idref="oc-24a"/>
      </symbol>
      <symbol id="sm-325">
         <name>__mspabi_divul</name>
         <value>0xc5f2</value>
         <object_component_ref idref="oc-24a"/>
      </symbol>
      <symbol id="sm-32e">
         <name>__mspabi_func_epilog_2</name>
         <value>0xc994</value>
         <object_component_ref idref="oc-10e"/>
      </symbol>
      <symbol id="sm-32f">
         <name>__mspabi_func_epilog_3</name>
         <value>0xc992</value>
         <object_component_ref idref="oc-10e"/>
      </symbol>
      <symbol id="sm-330">
         <name>__mspabi_func_epilog_1</name>
         <value>0xc996</value>
         <object_component_ref idref="oc-10e"/>
      </symbol>
      <symbol id="sm-331">
         <name>__mspabi_func_epilog_6</name>
         <value>0xc98c</value>
         <object_component_ref idref="oc-10e"/>
      </symbol>
      <symbol id="sm-332">
         <name>__mspabi_func_epilog_7</name>
         <value>0xc98a</value>
         <object_component_ref idref="oc-10e"/>
      </symbol>
      <symbol id="sm-333">
         <name>__mspabi_func_epilog_4</name>
         <value>0xc990</value>
         <object_component_ref idref="oc-10e"/>
      </symbol>
      <symbol id="sm-334">
         <name>__mspabi_func_epilog_5</name>
         <value>0xc98e</value>
         <object_component_ref idref="oc-10e"/>
      </symbol>
      <symbol id="sm-33f">
         <name>C$$EXIT</name>
         <value>0xc9f2</value>
         <object_component_ref idref="oc-ed"/>
      </symbol>
      <symbol id="sm-340">
         <name>abort</name>
         <value>0xc9f2</value>
         <object_component_ref idref="oc-ed"/>
      </symbol>
      <symbol id="sm-344">
         <name>__TI_int02</name>
         <value>0xffe4</value>
         <object_component_ref idref="oc-3b"/>
      </symbol>
      <symbol id="sm-347">
         <name>__TI_int03</name>
         <value>0xffe6</value>
         <object_component_ref idref="oc-3c"/>
      </symbol>
      <symbol id="sm-34a">
         <name>__TI_int05</name>
         <value>0xffea</value>
         <object_component_ref idref="oc-3d"/>
      </symbol>
      <symbol id="sm-34d">
         <name>__TI_int08</name>
         <value>0xfff0</value>
         <object_component_ref idref="oc-40"/>
      </symbol>
      <symbol id="sm-350">
         <name>__TI_int10</name>
         <value>0xfff4</value>
         <object_component_ref idref="oc-42"/>
      </symbol>
      <symbol id="sm-353">
         <name>__TI_int11</name>
         <value>0xfff6</value>
         <object_component_ref idref="oc-43"/>
      </symbol>
      <symbol id="sm-356">
         <name>__TI_int12</name>
         <value>0xfff8</value>
         <object_component_ref idref="oc-44"/>
      </symbol>
      <symbol id="sm-359">
         <name>__TI_int13</name>
         <value>0xfffa</value>
         <object_component_ref idref="oc-45"/>
      </symbol>
      <symbol id="sm-35c">
         <name>__TI_int14</name>
         <value>0xfffc</value>
         <object_component_ref idref="oc-46"/>
      </symbol>
      <symbol id="sm-364">
         <name>__TI_ISR_TRAP</name>
         <value>0xc9e2</value>
         <object_component_ref idref="oc-a7"/>
      </symbol>
      <symbol id="sm-374">
         <name>memcpy</name>
         <value>0xc956</value>
         <object_component_ref idref="oc-8d"/>
      </symbol>
      <symbol id="sm-37f">
         <name>__mspabi_mpyl_sw</name>
         <value>0xc7f8</value>
         <object_component_ref idref="oc-29a"/>
      </symbol>
      <symbol id="sm-380">
         <name>__mspabi_mpyl</name>
         <value>0xc7f8</value>
         <object_component_ref idref="oc-29a"/>
      </symbol>
      <symbol id="sm-389">
         <name>_system_pre_init</name>
         <value>0xc9ee</value>
         <object_component_ref idref="oc-c5"/>
      </symbol>
      <symbol id="sm-3a3">
         <name>_auto_init</name>
         <value>0xc59a</value>
         <object_component_ref idref="oc-cb"/>
      </symbol>
      <symbol id="sm-3a5">
         <name>__TI_INITARRAY_Base</name>
         <value>0x0</value>
      </symbol>
      <symbol id="sm-3a6">
         <name>__TI_INITARRAY_Limit</name>
         <value>0x0</value>
      </symbol>
   </symbol_table>
   <title>Link successful</title>
</link_info>
